Nov 13 00:38:58 ubuntu-bionic kernel: [    0.000000] Linux version 4.15.0-194-generic (buildd@lcy02-amd64-052) (gcc version 7.5.0 (Ubuntu 7.5.0-3ubuntu1~18.04)) #205-Ubuntu SMP Fri Sep 16 19:49:27 UTC 2022 (Ubuntu 4.15.0-194.205-generic 4.15.18)
Nov 13 00:38:58 ubuntu-bionic kernel: [    0.000000] Command line: BOOT_IMAGE=/boot/vmlinuz-4.15.0-194-generic root=LABEL=cloudimg-rootfs ro console=tty1 console=ttyS0
Nov 13 00:38:58 ubuntu-bionic kernel: [    0.000000] KERNEL supported cpus:
Nov 13 00:38:58 ubuntu-bionic kernel: [    0.000000]   Intel GenuineIntel
Nov 13 00:38:58 ubuntu-bionic kernel: [    0.000000]   AMD AuthenticAMD
Nov 13 00:38:58 ubuntu-bionic kernel: [    0.000000]   Centaur CentaurHauls
Nov 13 00:38:58 ubuntu-bionic kernel: [    0.000000] x86/fpu: Supporting XSAVE feature 0x001: 'x87 floating point registers'
Nov 13 00:38:58 ubuntu-bionic kernel: [    0.000000] x86/fpu: Supporting XSAVE feature 0x002: 'SSE registers'
Nov 13 00:38:58 ubuntu-bionic kernel: [    0.000000] x86/fpu: Supporting XSAVE feature 0x004: 'AVX registers'
Nov 13 00:38:58 ubuntu-bionic kernel: [    0.000000] x86/fpu: xstate_offset[2]:  576, xstate_sizes[2]:  256
Nov 13 00:38:58 ubuntu-bionic kernel: [    0.000000] x86/fpu: Enabled xstate features 0x7, context size is 832 bytes, using 'standard' format.
Nov 13 00:38:58 ubuntu-bionic kernel: [    0.000000] e820: BIOS-provided physical RAM map:
Nov 13 00:38:58 ubuntu-bionic kernel: [    0.000000] BIOS-e820: [mem 0x0000000000000000-0x000000000009fbff] usable
Nov 13 00:38:58 ubuntu-bionic kernel: [    0.000000] BIOS-e820: [mem 0x000000000009fc00-0x000000000009ffff] reserved
Nov 13 00:38:58 ubuntu-bionic kernel: [    0.000000] BIOS-e820: [mem 0x00000000000f0000-0x00000000000fffff] reserved
Nov 13 00:38:58 ubuntu-bionic kernel: [    0.000000] BIOS-e820: [mem 0x0000000000100000-0x000000007ffeffff] usable
Nov 13 00:38:58 ubuntu-bionic kernel: [    0.000000] BIOS-e820: [mem 0x000000007fff0000-0x000000007fffffff] ACPI data
Nov 13 00:38:58 ubuntu-bionic kernel: [    0.000000] BIOS-e820: [mem 0x00000000fec00000-0x00000000fec00fff] reserved
Nov 13 00:38:58 ubuntu-bionic kernel: [    0.000000] BIOS-e820: [mem 0x00000000fee00000-0x00000000fee00fff] reserved
Nov 13 00:38:58 ubuntu-bionic kernel: [    0.000000] BIOS-e820: [mem 0x00000000fffc0000-0x00000000ffffffff] reserved
Nov 13 00:38:58 ubuntu-bionic kernel: [    0.000000] NX (Execute Disable) protection: active
Nov 13 00:38:58 ubuntu-bionic kernel: [    0.000000] SMBIOS 2.5 present.
Nov 13 00:38:58 ubuntu-bionic kernel: [    0.000000] DMI: innotek GmbH VirtualBox/VirtualBox, BIOS VirtualBox 12/01/2006
Nov 13 00:38:58 ubuntu-bionic kernel: [    0.000000] Hypervisor detected: KVM
Nov 13 00:38:58 ubuntu-bionic kernel: [    0.000000] e820: update [mem 0x00000000-0x00000fff] usable ==> reserved
Nov 13 00:38:58 ubuntu-bionic kernel: [    0.000000] e820: remove [mem 0x000a0000-0x000fffff] usable
Nov 13 00:38:58 ubuntu-bionic kernel: [    0.000000] e820: last_pfn = 0x7fff0 max_arch_pfn = 0x400000000
Nov 13 00:38:58 ubuntu-bionic kernel: [    0.000000] MTRR default type: uncachable
Nov 13 00:38:58 ubuntu-bionic kernel: [    0.000000] MTRR variable ranges disabled:
Nov 13 00:38:58 ubuntu-bionic kernel: [    0.000000] MTRR: Disabled
Nov 13 00:38:58 ubuntu-bionic kernel: [    0.000000] x86/PAT: MTRRs disabled, skipping PAT initialization too.
Nov 13 00:38:58 ubuntu-bionic kernel: [    0.000000] CPU MTRRs all blank - virtualized system.
Nov 13 00:38:58 ubuntu-bionic kernel: [    0.000000] x86/PAT: Configuration [0-7]: WB  WT  UC- UC  WB  WT  UC- UC  
Nov 13 00:38:58 ubuntu-bionic kernel: [    0.000000] found SMP MP-table at [mem 0x0009fff0-0x0009ffff]
Nov 13 00:38:58 ubuntu-bionic kernel: [    0.000000] Scanning 1 areas for low memory corruption
Nov 13 00:38:58 ubuntu-bionic kernel: [    0.000000] RAMDISK: [mem 0x359cb000-0x36cdcfff]
Nov 13 00:38:58 ubuntu-bionic kernel: [    0.000000] ACPI: Early table checksum verification disabled
Nov 13 00:38:58 ubuntu-bionic kernel: [    0.000000] ACPI: RSDP 0x00000000000E0000 000024 (v02 VBOX  )
Nov 13 00:38:58 ubuntu-bionic kernel: [    0.000000] ACPI: XSDT 0x000000007FFF0030 00003C (v01 VBOX   VBOXXSDT 00000001 ASL  00000061)
Nov 13 00:38:58 ubuntu-bionic kernel: [    0.000000] ACPI: FACP 0x000000007FFF00F0 0000F4 (v04 VBOX   VBOXFACP 00000001 ASL  00000061)
Nov 13 00:38:58 ubuntu-bionic kernel: [    0.000000] ACPI: DSDT 0x000000007FFF0480 002325 (v02 VBOX   VBOXBIOS 00000002 INTL 20100528)
Nov 13 00:38:58 ubuntu-bionic kernel: [    0.000000] ACPI: FACS 0x000000007FFF0200 000040
Nov 13 00:38:58 ubuntu-bionic kernel: [    0.000000] ACPI: FACS 0x000000007FFF0200 000040
Nov 13 00:38:58 ubuntu-bionic kernel: [    0.000000] ACPI: APIC 0x000000007FFF0240 00006C (v02 VBOX   VBOXAPIC 00000001 ASL  00000061)
Nov 13 00:38:58 ubuntu-bionic kernel: [    0.000000] ACPI: SSDT 0x000000007FFF02B0 0001CC (v01 VBOX   VBOXCPUT 00000002 INTL 20100528)
Nov 13 00:38:58 ubuntu-bionic kernel: [    0.000000] ACPI: Reserving FACP table memory at [mem 0x7fff00f0-0x7fff01e3]
Nov 13 00:38:58 ubuntu-bionic kernel: [    0.000000] ACPI: Reserving DSDT table memory at [mem 0x7fff0480-0x7fff27a4]
Nov 13 00:38:58 ubuntu-bionic kernel: [    0.000000] ACPI: Reserving FACS table memory at [mem 0x7fff0200-0x7fff023f]
Nov 13 00:38:58 ubuntu-bionic kernel: [    0.000000] ACPI: Reserving FACS table memory at [mem 0x7fff0200-0x7fff023f]
Nov 13 00:38:58 ubuntu-bionic kernel: [    0.000000] ACPI: Reserving APIC table memory at [mem 0x7fff0240-0x7fff02ab]
Nov 13 00:38:58 ubuntu-bionic kernel: [    0.000000] ACPI: Reserving SSDT table memory at [mem 0x7fff02b0-0x7fff047b]
Nov 13 00:38:58 ubuntu-bionic kernel: [    0.000000] ACPI: Local APIC address 0xfee00000
Nov 13 00:38:58 ubuntu-bionic kernel: [    0.000000] No NUMA configuration found
Nov 13 00:38:58 ubuntu-bionic kernel: [    0.000000] Faking a node at [mem 0x0000000000000000-0x000000007ffeffff]
Nov 13 00:38:58 ubuntu-bionic kernel: [    0.000000] NODE_DATA(0) allocated [mem 0x7ffc5000-0x7ffeffff]
Nov 13 00:38:58 ubuntu-bionic kernel: [    0.000000] kvm-clock: cpu 0, msr 0:7ff44001, primary cpu clock
Nov 13 00:38:58 ubuntu-bionic kernel: [    0.000000] kvm-clock: Using msrs 4b564d01 and 4b564d00
Nov 13 00:38:58 ubuntu-bionic kernel: [    0.000000] kvm-clock: using sched offset of 3173800998 cycles
Nov 13 00:38:58 ubuntu-bionic kernel: [    0.000000] clocksource: kvm-clock: mask: 0xffffffffffffffff max_cycles: 0x1cd42e4dffb, max_idle_ns: 881590591483 ns
Nov 13 00:38:58 ubuntu-bionic kernel: [    0.000000] Zone ranges:
Nov 13 00:38:58 ubuntu-bionic kernel: [    0.000000]   DMA      [mem 0x0000000000001000-0x0000000000ffffff]
Nov 13 00:38:58 ubuntu-bionic kernel: [    0.000000]   DMA32    [mem 0x0000000001000000-0x000000007ffeffff]
Nov 13 00:38:58 ubuntu-bionic kernel: [    0.000000]   Normal   empty
Nov 13 00:38:58 ubuntu-bionic kernel: [    0.000000]   Device   empty
Nov 13 00:38:58 ubuntu-bionic kernel: [    0.000000] Movable zone start for each node
Nov 13 00:38:58 ubuntu-bionic kernel: [    0.000000] Early memory node ranges
Nov 13 00:38:58 ubuntu-bionic kernel: [    0.000000]   node   0: [mem 0x0000000000001000-0x000000000009efff]
Nov 13 00:38:58 ubuntu-bionic kernel: [    0.000000]   node   0: [mem 0x0000000000100000-0x000000007ffeffff]
Nov 13 00:38:58 ubuntu-bionic kernel: [    0.000000] Reserved but unavailable: 104 pages
Nov 13 00:38:58 ubuntu-bionic kernel: [    0.000000] Initmem setup node 0 [mem 0x0000000000001000-0x000000007ffeffff]
Nov 13 00:38:58 ubuntu-bionic kernel: [    0.000000] On node 0 totalpages: 524174
Nov 13 00:38:58 ubuntu-bionic kernel: [    0.000000]   DMA zone: 64 pages used for memmap
Nov 13 00:38:58 ubuntu-bionic kernel: [    0.000000]   DMA zone: 21 pages reserved
Nov 13 00:38:58 ubuntu-bionic kernel: [    0.000000]   DMA zone: 3998 pages, LIFO batch:0
Nov 13 00:38:58 ubuntu-bionic kernel: [    0.000000]   DMA32 zone: 8128 pages used for memmap
Nov 13 00:38:58 ubuntu-bionic kernel: [    0.000000]   DMA32 zone: 520176 pages, LIFO batch:31
Nov 13 00:38:58 ubuntu-bionic kernel: [    0.000000] ACPI: PM-Timer IO Port: 0x4008
Nov 13 00:38:58 ubuntu-bionic kernel: [    0.000000] ACPI: Local APIC address 0xfee00000
Nov 13 00:38:58 ubuntu-bionic kernel: [    0.000000] IOAPIC[0]: apic_id 4, version 32, address 0xfec00000, GSI 0-23
Nov 13 00:38:58 ubuntu-bionic kernel: [    0.000000] ACPI: INT_SRC_OVR (bus 0 bus_irq 0 global_irq 2 dfl dfl)
Nov 13 00:38:58 ubuntu-bionic kernel: [    0.000000] ACPI: INT_SRC_OVR (bus 0 bus_irq 9 global_irq 9 low level)
Nov 13 00:38:58 ubuntu-bionic kernel: [    0.000000] ACPI: IRQ0 used by override.
Nov 13 00:38:58 ubuntu-bionic kernel: [    0.000000] ACPI: IRQ9 used by override.
Nov 13 00:38:58 ubuntu-bionic kernel: [    0.000000] Using ACPI (MADT) for SMP configuration information
Nov 13 00:38:58 ubuntu-bionic kernel: [    0.000000] smpboot: Allowing 4 CPUs, 0 hotplug CPUs
Nov 13 00:38:58 ubuntu-bionic kernel: [    0.000000] PM: Registered nosave memory: [mem 0x00000000-0x00000fff]
Nov 13 00:38:58 ubuntu-bionic kernel: [    0.000000] PM: Registered nosave memory: [mem 0x0009f000-0x0009ffff]
Nov 13 00:38:58 ubuntu-bionic kernel: [    0.000000] PM: Registered nosave memory: [mem 0x000a0000-0x000effff]
Nov 13 00:38:58 ubuntu-bionic kernel: [    0.000000] PM: Registered nosave memory: [mem 0x000f0000-0x000fffff]
Nov 13 00:38:58 ubuntu-bionic kernel: [    0.000000] e820: [mem 0x80000000-0xfebfffff] available for PCI devices
Nov 13 00:38:58 ubuntu-bionic kernel: [    0.000000] Booting paravirtualized kernel on KVM
Nov 13 00:38:58 ubuntu-bionic kernel: [    0.000000] clocksource: refined-jiffies: mask: 0xffffffff max_cycles: 0xffffffff, max_idle_ns: 7645519600211568 ns
Nov 13 00:38:58 ubuntu-bionic kernel: [    0.000000] setup_percpu: NR_CPUS:8192 nr_cpumask_bits:4 nr_cpu_ids:4 nr_node_ids:1
Nov 13 00:38:58 ubuntu-bionic kernel: [    0.000000] percpu: Embedded 50 pages/cpu s167936 r8192 d28672 u524288
Nov 13 00:38:58 ubuntu-bionic kernel: [    0.000000] pcpu-alloc: s167936 r8192 d28672 u524288 alloc=1*2097152
Nov 13 00:38:58 ubuntu-bionic kernel: [    0.000000] pcpu-alloc: [0] 0 1 2 3 
Nov 13 00:38:58 ubuntu-bionic kernel: [    0.000000] PV qspinlock hash table entries: 256 (order: 0, 4096 bytes)
Nov 13 00:38:58 ubuntu-bionic kernel: [    0.000000] Built 1 zonelists, mobility grouping on.  Total pages: 515961
Nov 13 00:38:58 ubuntu-bionic kernel: [    0.000000] Policy zone: DMA32
Nov 13 00:38:58 ubuntu-bionic kernel: [    0.000000] Kernel command line: BOOT_IMAGE=/boot/vmlinuz-4.15.0-194-generic root=LABEL=cloudimg-rootfs ro console=tty1 console=ttyS0
Nov 13 00:38:58 ubuntu-bionic kernel: [    0.000000] Calgary: detecting Calgary via BIOS EBDA area
Nov 13 00:38:58 ubuntu-bionic kernel: [    0.000000] Calgary: Unable to locate Rio Grande table in EBDA - bailing!
Nov 13 00:38:58 ubuntu-bionic kernel: [    0.000000] Memory: 2014444K/2096696K available (12300K kernel code, 2477K rwdata, 4320K rodata, 2472K init, 2720K bss, 82252K reserved, 0K cma-reserved)
Nov 13 00:38:58 ubuntu-bionic kernel: [    0.000000] SLUB: HWalign=64, Order=0-3, MinObjects=0, CPUs=4, Nodes=1
Nov 13 00:38:58 ubuntu-bionic kernel: [    0.000000] ftrace: allocating 39477 entries in 155 pages
Nov 13 00:38:58 ubuntu-bionic kernel: [    0.004000] Hierarchical RCU implementation.
Nov 13 00:38:58 ubuntu-bionic kernel: [    0.004000] 	RCU restricting CPUs from NR_CPUS=8192 to nr_cpu_ids=4.
Nov 13 00:38:58 ubuntu-bionic kernel: [    0.004000] 	Tasks RCU enabled.
Nov 13 00:38:58 ubuntu-bionic kernel: [    0.004000] RCU: Adjusting geometry for rcu_fanout_leaf=16, nr_cpu_ids=4
Nov 13 00:38:58 ubuntu-bionic kernel: [    0.004000] NR_IRQS: 524544, nr_irqs: 456, preallocated irqs: 16
Nov 13 00:38:58 ubuntu-bionic kernel: [    0.004000] random: crng init done
Nov 13 00:38:58 ubuntu-bionic kernel: [    0.004000] Console: colour VGA+ 80x25
Nov 13 00:38:58 ubuntu-bionic kernel: [    0.004000] console [tty1] enabled
Nov 13 00:38:58 ubuntu-bionic kernel: [    0.004000] console [ttyS0] enabled
Nov 13 00:38:58 ubuntu-bionic kernel: [    0.004000] ACPI: Core revision 20170831
Nov 13 00:38:58 ubuntu-bionic kernel: [    0.004000] ACPI: 2 ACPI AML tables successfully acquired and loaded
Nov 13 00:38:58 ubuntu-bionic kernel: [    0.004000] APIC: Switch to symmetric I/O mode setup
Nov 13 00:38:58 ubuntu-bionic kernel: [    0.004000] x2apic enabled
Nov 13 00:38:58 ubuntu-bionic kernel: [    0.004000] Switched APIC routing to physical x2apic.
Nov 13 00:38:58 ubuntu-bionic kernel: [    0.004000] ..TIMER: vector=0x30 apic1=0 pin1=2 apic2=-1 pin2=-1
Nov 13 00:38:58 ubuntu-bionic kernel: [    0.004000] tsc: Detected 2496.002 MHz processor
Nov 13 00:38:58 ubuntu-bionic kernel: [    0.004005] Calibrating delay loop (skipped) preset value.. 4992.00 BogoMIPS (lpj=9984008)
Nov 13 00:38:58 ubuntu-bionic kernel: [    0.005089] pid_max: default: 32768 minimum: 301
Nov 13 00:38:58 ubuntu-bionic kernel: [    0.005728] Security Framework initialized
Nov 13 00:38:58 ubuntu-bionic kernel: [    0.006359] Yama: becoming mindful.
Nov 13 00:38:58 ubuntu-bionic kernel: [    0.006867] AppArmor: AppArmor initialized
Nov 13 00:38:58 ubuntu-bionic kernel: [    0.008050] Dentry cache hash table entries: 262144 (order: 9, 2097152 bytes)
Nov 13 00:38:58 ubuntu-bionic kernel: [    0.009204] Inode-cache hash table entries: 131072 (order: 8, 1048576 bytes)
Nov 13 00:38:58 ubuntu-bionic kernel: [    0.010128] Mount-cache hash table entries: 4096 (order: 3, 32768 bytes)
Nov 13 00:38:58 ubuntu-bionic kernel: [    0.011116] Mountpoint-cache hash table entries: 4096 (order: 3, 32768 bytes)
Nov 13 00:38:58 ubuntu-bionic kernel: [    0.012089] Last level iTLB entries: 4KB 64, 2MB 8, 4MB 8
Nov 13 00:38:58 ubuntu-bionic kernel: [    0.012792] Last level dTLB entries: 4KB 64, 2MB 0, 4MB 0, 1GB 4
Nov 13 00:38:58 ubuntu-bionic kernel: [    0.013565] Spectre V1 : Mitigation: usercopy/swapgs barriers and __user pointer sanitization
Nov 13 00:38:58 ubuntu-bionic kernel: [    0.014684] Spectre V2 : Mitigation: Retpolines
Nov 13 00:38:58 ubuntu-bionic kernel: [    0.015293] Spectre V2 : Spectre v2 / SpectreRSB mitigation: Filling RSB on context switch
Nov 13 00:38:58 ubuntu-bionic kernel: [    0.016001] Speculative Store Bypass: Vulnerable
Nov 13 00:38:58 ubuntu-bionic kernel: [    0.016645] MMIO Stale Data: Mitigation: Clear CPU buffers
Nov 13 00:38:58 ubuntu-bionic kernel: [    0.017377] SRBDS: Unknown: Dependent on hypervisor status
Nov 13 00:38:58 ubuntu-bionic kernel: [    0.018225] Freeing SMP alternatives memory: 36K
Nov 13 00:38:58 ubuntu-bionic kernel: [    0.128527] smpboot: CPU0: Intel(R) Core(TM) i5-10500H CPU @ 2.50GHz (family: 0x6, model: 0xa5, stepping: 0x2)
Nov 13 00:38:58 ubuntu-bionic kernel: [    0.130196] Performance Events: unsupported p6 CPU model 165 no PMU driver, software events only.
Nov 13 00:38:58 ubuntu-bionic kernel: [    0.131406] Hierarchical SRCU implementation.
Nov 13 00:38:58 ubuntu-bionic kernel: [    0.132000] NMI watchdog: Perf event create on CPU 0 failed with -2
Nov 13 00:38:58 ubuntu-bionic kernel: [    0.132001] NMI watchdog: Perf NMI watchdog permanently disabled
Nov 13 00:38:58 ubuntu-bionic kernel: [    0.132822] smp: Bringing up secondary CPUs ...
Nov 13 00:38:58 ubuntu-bionic kernel: [    0.133482] x86: Booting SMP configuration:
Nov 13 00:38:58 ubuntu-bionic kernel: [    0.134060] .... node  #0, CPUs:      #1
Nov 13 00:38:58 ubuntu-bionic kernel: [    0.004000] kvm-clock: cpu 1, msr 0:7ff44041, secondary cpu clock
Nov 13 00:38:58 ubuntu-bionic kernel: [    0.138188]  #2
Nov 13 00:38:58 ubuntu-bionic kernel: [    0.004000] kvm-clock: cpu 2, msr 0:7ff44081, secondary cpu clock
Nov 13 00:38:58 ubuntu-bionic kernel: [    0.140054]  #3
Nov 13 00:38:58 ubuntu-bionic kernel: [    0.004000] kvm-clock: cpu 3, msr 0:7ff440c1, secondary cpu clock
Nov 13 00:38:58 ubuntu-bionic kernel: [    0.144021] smp: Brought up 1 node, 4 CPUs
Nov 13 00:38:58 ubuntu-bionic kernel: [    0.144706] smpboot: Max logical packages: 1
Nov 13 00:38:58 ubuntu-bionic kernel: [    0.145296] smpboot: Total of 4 processors activated (19968.01 BogoMIPS)
Nov 13 00:38:58 ubuntu-bionic kernel: [    0.146284] devtmpfs: initialized
Nov 13 00:38:58 ubuntu-bionic kernel: [    0.146284] x86/mm: Memory block size: 128MB
Nov 13 00:38:58 ubuntu-bionic kernel: [    0.146284] evm: security.selinux
Nov 13 00:38:58 ubuntu-bionic kernel: [    0.148003] evm: security.SMACK64
Nov 13 00:38:58 ubuntu-bionic kernel: [    0.148492] evm: security.SMACK64EXEC
Nov 13 00:38:58 ubuntu-bionic kernel: [    0.149001] evm: security.SMACK64TRANSMUTE
Nov 13 00:38:58 ubuntu-bionic kernel: [    0.149606] evm: security.SMACK64MMAP
Nov 13 00:38:58 ubuntu-bionic kernel: [    0.150196] evm: security.apparmor
Nov 13 00:38:58 ubuntu-bionic kernel: [    0.150674] evm: security.ima
Nov 13 00:38:58 ubuntu-bionic kernel: [    0.151097] evm: security.capability
Nov 13 00:38:58 ubuntu-bionic kernel: [    0.152058] clocksource: jiffies: mask: 0xffffffff max_cycles: 0xffffffff, max_idle_ns: 7645041785100000 ns
Nov 13 00:38:58 ubuntu-bionic kernel: [    0.153331] futex hash table entries: 1024 (order: 4, 65536 bytes)
Nov 13 00:38:58 ubuntu-bionic kernel: [    0.154253] pinctrl core: initialized pinctrl subsystem
Nov 13 00:38:58 ubuntu-bionic kernel: [    0.155183] RTC time:  0:38:43, date: 11/13/22
Nov 13 00:38:58 ubuntu-bionic kernel: [    0.156057] NET: Registered protocol family 16
Nov 13 00:38:58 ubuntu-bionic kernel: [    0.156767] audit: initializing netlink subsys (disabled)
Nov 13 00:38:58 ubuntu-bionic kernel: [    0.157499] audit: type=2000 audit(1668299927.856:1): state=initialized audit_enabled=0 res=1
Nov 13 00:38:58 ubuntu-bionic kernel: [    0.157499] cpuidle: using governor ladder
Nov 13 00:38:58 ubuntu-bionic kernel: [    0.157499] cpuidle: using governor menu
Nov 13 00:38:58 ubuntu-bionic kernel: [    0.157499] ACPI: bus type PCI registered
Nov 13 00:38:58 ubuntu-bionic kernel: [    0.160002] acpiphp: ACPI Hot Plug PCI Controller Driver version: 0.5
Nov 13 00:38:58 ubuntu-bionic kernel: [    0.160933] PCI: Using configuration type 1 for base access
Nov 13 00:38:58 ubuntu-bionic kernel: [    0.161722] HugeTLB registered 2.00 MiB page size, pre-allocated 0 pages
Nov 13 00:38:58 ubuntu-bionic kernel: [    0.164043] ACPI: Added _OSI(Module Device)
Nov 13 00:38:58 ubuntu-bionic kernel: [    0.164648] ACPI: Added _OSI(Processor Device)
Nov 13 00:38:58 ubuntu-bionic kernel: [    0.165258] ACPI: Added _OSI(3.0 _SCP Extensions)
Nov 13 00:38:58 ubuntu-bionic kernel: [    0.165906] ACPI: Added _OSI(Processor Aggregator Device)
Nov 13 00:38:58 ubuntu-bionic kernel: [    0.166625] ACPI: Added _OSI(Linux-Dell-Video)
Nov 13 00:38:58 ubuntu-bionic kernel: [    0.167220] ACPI: Added _OSI(Linux-Lenovo-NV-HDMI-Audio)
Nov 13 00:38:58 ubuntu-bionic kernel: [    0.168003] ACPI: Added _OSI(Linux-HPI-Hybrid-Graphics)
Nov 13 00:38:58 ubuntu-bionic kernel: [    0.168928] ACPI: Executed 1 blocks of module-level executable AML code
Nov 13 00:38:58 ubuntu-bionic kernel: [    0.172260] ACPI: Interpreter enabled
Nov 13 00:38:58 ubuntu-bionic kernel: [    0.172803] ACPI: (supports S0 S5)
Nov 13 00:38:58 ubuntu-bionic kernel: [    0.173288] ACPI: Using IOAPIC for interrupt routing
Nov 13 00:38:58 ubuntu-bionic kernel: [    0.174179] PCI: Using host bridge windows from ACPI; if necessary, use "pci=nocrs" and report a bug
Nov 13 00:38:58 ubuntu-bionic kernel: [    0.175516] ACPI: Enabled 2 GPEs in block 00 to 07
Nov 13 00:38:58 ubuntu-bionic kernel: [    0.180514] ACPI: PCI Root Bridge [PCI0] (domain 0000 [bus 00-ff])
Nov 13 00:38:58 ubuntu-bionic kernel: [    0.181334] acpi PNP0A03:00: _OSC: OS supports [ASPM ClockPM Segments MSI]
Nov 13 00:38:58 ubuntu-bionic kernel: [    0.182598] acpi PNP0A03:00: _OSC: not requesting OS control; OS requires [ExtendedConfig ASPM ClockPM MSI]
Nov 13 00:38:58 ubuntu-bionic kernel: [    0.183900] acpi PNP0A03:00: fail to add MMCONFIG information, can't access extended PCI configuration space under this bridge.
Nov 13 00:38:58 ubuntu-bionic kernel: [    0.184281] PCI host bridge to bus 0000:00
Nov 13 00:38:58 ubuntu-bionic kernel: [    0.184842] pci_bus 0000:00: root bus resource [io  0x0000-0x0cf7 window]
Nov 13 00:38:58 ubuntu-bionic kernel: [    0.185733] pci_bus 0000:00: root bus resource [io  0x0d00-0xffff window]
Nov 13 00:38:58 ubuntu-bionic kernel: [    0.186608] pci_bus 0000:00: root bus resource [mem 0x000a0000-0x000bffff window]
Nov 13 00:38:58 ubuntu-bionic kernel: [    0.188002] pci_bus 0000:00: root bus resource [mem 0x80000000-0xfdffffff window]
Nov 13 00:38:58 ubuntu-bionic kernel: [    0.189499] pci_bus 0000:00: root bus resource [bus 00-ff]
Nov 13 00:38:58 ubuntu-bionic kernel: [    0.190372] pci 0000:00:00.0: [8086:1237] type 00 class 0x060000
Nov 13 00:38:58 ubuntu-bionic kernel: [    0.190866] pci 0000:00:01.0: [8086:7000] type 00 class 0x060100
Nov 13 00:38:58 ubuntu-bionic kernel: [    0.192068] pci 0000:00:01.1: [8086:7111] type 00 class 0x01018a
Nov 13 00:38:58 ubuntu-bionic kernel: [    0.192346] pci 0000:00:01.1: reg 0x20: [io  0xd000-0xd00f]
Nov 13 00:38:58 ubuntu-bionic kernel: [    0.192462] pci 0000:00:01.1: legacy IDE quirk: reg 0x10: [io  0x01f0-0x01f7]
Nov 13 00:38:58 ubuntu-bionic kernel: [    0.193550] pci 0000:00:01.1: legacy IDE quirk: reg 0x14: [io  0x03f6]
Nov 13 00:38:58 ubuntu-bionic kernel: [    0.194548] pci 0000:00:01.1: legacy IDE quirk: reg 0x18: [io  0x0170-0x0177]
Nov 13 00:38:58 ubuntu-bionic kernel: [    0.195465] pci 0000:00:01.1: legacy IDE quirk: reg 0x1c: [io  0x0376]
Nov 13 00:38:58 ubuntu-bionic kernel: [    0.196193] pci 0000:00:02.0: [80ee:beef] type 00 class 0x030000
Nov 13 00:38:58 ubuntu-bionic kernel: [    0.197185] pci 0000:00:02.0: reg 0x10: [mem 0xe0000000-0xe0ffffff pref]
Nov 13 00:38:58 ubuntu-bionic kernel: [    0.202767] pci 0000:00:03.0: [8086:100e] type 00 class 0x020000
Nov 13 00:38:58 ubuntu-bionic kernel: [    0.204053] pci 0000:00:03.0: reg 0x10: [mem 0xf0000000-0xf001ffff]
Nov 13 00:38:58 ubuntu-bionic kernel: [    0.205281] pci 0000:00:03.0: reg 0x18: [io  0xd010-0xd017]
Nov 13 00:38:58 ubuntu-bionic kernel: [    0.207331] pci 0000:00:04.0: [80ee:cafe] type 00 class 0x088000
Nov 13 00:38:58 ubuntu-bionic kernel: [    0.207829] pci 0000:00:04.0: reg 0x10: [io  0xd020-0xd03f]
Nov 13 00:38:58 ubuntu-bionic kernel: [    0.208052] pci 0000:00:04.0: reg 0x14: [mem 0xf0400000-0xf07fffff]
Nov 13 00:38:58 ubuntu-bionic kernel: [    0.208477] pci 0000:00:04.0: reg 0x18: [mem 0xf0800000-0xf0803fff pref]
Nov 13 00:38:58 ubuntu-bionic kernel: [    0.210321] pci 0000:00:05.0: [8086:2415] type 00 class 0x040100
Nov 13 00:38:58 ubuntu-bionic kernel: [    0.210418] pci 0000:00:05.0: reg 0x10: [io  0xd100-0xd1ff]
Nov 13 00:38:58 ubuntu-bionic kernel: [    0.210466] pci 0000:00:05.0: reg 0x14: [io  0xd200-0xd23f]
Nov 13 00:38:58 ubuntu-bionic kernel: [    0.210900] pci 0000:00:07.0: [8086:7113] type 00 class 0x068000
Nov 13 00:38:58 ubuntu-bionic kernel: [    0.211299] pci 0000:00:07.0: quirk: [io  0x4000-0x403f] claimed by PIIX4 ACPI
Nov 13 00:38:58 ubuntu-bionic kernel: [    0.212013] pci 0000:00:07.0: quirk: [io  0x4100-0x410f] claimed by PIIX4 SMB
Nov 13 00:38:58 ubuntu-bionic kernel: [    0.213197] pci 0000:00:08.0: [8086:100e] type 00 class 0x020000
Nov 13 00:38:58 ubuntu-bionic kernel: [    0.213924] pci 0000:00:08.0: reg 0x10: [mem 0xf0820000-0xf083ffff]
Nov 13 00:38:58 ubuntu-bionic kernel: [    0.215057] pci 0000:00:08.0: reg 0x18: [io  0xd240-0xd247]
Nov 13 00:38:58 ubuntu-bionic kernel: [    0.217228] pci 0000:00:14.0: [1000:0030] type 00 class 0x010000
Nov 13 00:38:58 ubuntu-bionic kernel: [    0.217855] pci 0000:00:14.0: reg 0x10: [io  0xd300-0xd3ff]
Nov 13 00:38:58 ubuntu-bionic kernel: [    0.218527] pci 0000:00:14.0: reg 0x14: [mem 0xf0840000-0xf085ffff]
Nov 13 00:38:58 ubuntu-bionic kernel: [    0.219246] pci 0000:00:14.0: reg 0x18: [mem 0xf0860000-0xf087ffff]
Nov 13 00:38:58 ubuntu-bionic kernel: [    0.223096] ACPI: PCI Interrupt Link [LNKA] (IRQs 5 9 10 *11)
Nov 13 00:38:58 ubuntu-bionic kernel: [    0.224187] ACPI: PCI Interrupt Link [LNKB] (IRQs 5 9 *10 11)
Nov 13 00:38:58 ubuntu-bionic kernel: [    0.225035] ACPI: PCI Interrupt Link [LNKC] (IRQs 5 *9 10 11)
Nov 13 00:38:58 ubuntu-bionic kernel: [    0.225872] ACPI: PCI Interrupt Link [LNKD] (IRQs 5 9 10 *11)
Nov 13 00:38:58 ubuntu-bionic kernel: [    0.226859] SCSI subsystem initialized
Nov 13 00:38:58 ubuntu-bionic kernel: [    0.227407] libata version 3.00 loaded.
Nov 13 00:38:58 ubuntu-bionic kernel: [    0.227407] pci 0000:00:02.0: vgaarb: setting as boot VGA device
Nov 13 00:38:58 ubuntu-bionic kernel: [    0.227407] pci 0000:00:02.0: vgaarb: VGA device added: decodes=io+mem,owns=io+mem,locks=none
Nov 13 00:38:58 ubuntu-bionic kernel: [    0.228008] pci 0000:00:02.0: vgaarb: bridge control possible
Nov 13 00:38:58 ubuntu-bionic kernel: [    0.228771] vgaarb: loaded
Nov 13 00:38:58 ubuntu-bionic kernel: [    0.229188] ACPI: bus type USB registered
Nov 13 00:38:58 ubuntu-bionic kernel: [    0.229809] usbcore: registered new interface driver usbfs
Nov 13 00:38:58 ubuntu-bionic kernel: [    0.230552] usbcore: registered new interface driver hub
Nov 13 00:38:58 ubuntu-bionic kernel: [    0.232011] usbcore: registered new device driver usb
Nov 13 00:38:58 ubuntu-bionic kernel: [    0.232742] EDAC MC: Ver: 3.0.0
Nov 13 00:38:58 ubuntu-bionic kernel: [    0.232742] PCI: Using ACPI for IRQ routing
Nov 13 00:38:58 ubuntu-bionic kernel: [    0.232742] PCI: pci_cache_line_size set to 64 bytes
Nov 13 00:38:58 ubuntu-bionic kernel: [    0.232742] e820: reserve RAM buffer [mem 0x0009fc00-0x0009ffff]
Nov 13 00:38:58 ubuntu-bionic kernel: [    0.232742] e820: reserve RAM buffer [mem 0x7fff0000-0x7fffffff]
Nov 13 00:38:58 ubuntu-bionic kernel: [    0.232785] NetLabel: Initializing
Nov 13 00:38:58 ubuntu-bionic kernel: [    0.233265] NetLabel:  domain hash size = 128
Nov 13 00:38:58 ubuntu-bionic kernel: [    0.236002] NetLabel:  protocols = UNLABELED CIPSOv4 CALIPSO
Nov 13 00:38:58 ubuntu-bionic kernel: [    0.236785] NetLabel:  unlabeled traffic allowed by default
Nov 13 00:38:58 ubuntu-bionic kernel: [    0.237555] clocksource: Switched to clocksource kvm-clock
Nov 13 00:38:58 ubuntu-bionic kernel: [    0.243829] VFS: Disk quotas dquot_6.6.0
Nov 13 00:38:58 ubuntu-bionic kernel: [    0.244415] VFS: Dquot-cache hash table entries: 512 (order 0, 4096 bytes)
Nov 13 00:38:58 ubuntu-bionic kernel: [    0.245365] AppArmor: AppArmor Filesystem Enabled
Nov 13 00:38:58 ubuntu-bionic kernel: [    0.246021] pnp: PnP ACPI init
Nov 13 00:38:58 ubuntu-bionic kernel: [    0.246508] pnp 00:00: Plug and Play ACPI device, IDs PNP0303 (active)
Nov 13 00:38:58 ubuntu-bionic kernel: [    0.246556] pnp 00:01: Plug and Play ACPI device, IDs PNP0f03 (active)
Nov 13 00:38:58 ubuntu-bionic kernel: [    0.246765] pnp 00:02: Plug and Play ACPI device, IDs PNP0501 (active)
Nov 13 00:38:58 ubuntu-bionic kernel: [    0.247158] pnp: PnP ACPI: found 3 devices
Nov 13 00:38:58 ubuntu-bionic kernel: [    0.255198] clocksource: acpi_pm: mask: 0xffffff max_cycles: 0xffffff, max_idle_ns: 2085701024 ns
Nov 13 00:38:58 ubuntu-bionic kernel: [    0.256395] pci_bus 0000:00: resource 4 [io  0x0000-0x0cf7 window]
Nov 13 00:38:58 ubuntu-bionic kernel: [    0.256396] pci_bus 0000:00: resource 5 [io  0x0d00-0xffff window]
Nov 13 00:38:58 ubuntu-bionic kernel: [    0.256397] pci_bus 0000:00: resource 6 [mem 0x000a0000-0x000bffff window]
Nov 13 00:38:58 ubuntu-bionic kernel: [    0.256398] pci_bus 0000:00: resource 7 [mem 0x80000000-0xfdffffff window]
Nov 13 00:38:58 ubuntu-bionic kernel: [    0.256433] NET: Registered protocol family 2
Nov 13 00:38:58 ubuntu-bionic kernel: [    0.257055] IP idents hash table entries: 32768 (order: 6, 262144 bytes)
Nov 13 00:38:58 ubuntu-bionic kernel: [    0.258148] TCP established hash table entries: 16384 (order: 5, 131072 bytes)
Nov 13 00:38:58 ubuntu-bionic kernel: [    0.259133] TCP bind hash table entries: 16384 (order: 6, 262144 bytes)
Nov 13 00:38:58 ubuntu-bionic kernel: [    0.260010] TCP: Hash tables configured (established 16384 bind 16384)
Nov 13 00:38:58 ubuntu-bionic kernel: [    0.260897] UDP hash table entries: 1024 (order: 3, 32768 bytes)
Nov 13 00:38:58 ubuntu-bionic kernel: [    0.261709] UDP-Lite hash table entries: 1024 (order: 3, 32768 bytes)
Nov 13 00:38:58 ubuntu-bionic kernel: [    0.262597] NET: Registered protocol family 1
Nov 13 00:38:58 ubuntu-bionic kernel: [    0.263198] pci 0000:00:00.0: Limiting direct PCI/PCI transfers
Nov 13 00:38:58 ubuntu-bionic kernel: [    0.263988] pci 0000:00:01.0: Activating ISA DMA hang workarounds
Nov 13 00:38:58 ubuntu-bionic kernel: [    0.264917] pci 0000:00:02.0: Video device with shadowed ROM at [mem 0x000c0000-0x000dffff]
Nov 13 00:38:58 ubuntu-bionic kernel: [    0.266078] PCI: CLS 0 bytes, default 64
Nov 13 00:38:58 ubuntu-bionic kernel: [    0.266116] Unpacking initramfs...
Nov 13 00:38:58 ubuntu-bionic kernel: [    0.478710] Freeing initrd memory: 19528K
Nov 13 00:38:58 ubuntu-bionic kernel: [    0.479523] clocksource: tsc: mask: 0xffffffffffffffff max_cycles: 0x23fa79125d1, max_idle_ns: 440795329579 ns
Nov 13 00:38:58 ubuntu-bionic kernel: [    0.480903] platform rtc_cmos: registered platform RTC device (no PNP device found)
Nov 13 00:38:58 ubuntu-bionic kernel: [    0.481924] Scanning for low memory corruption every 60 seconds
Nov 13 00:38:58 ubuntu-bionic kernel: [    0.483383] Initialise system trusted keyrings
Nov 13 00:38:58 ubuntu-bionic kernel: [    0.484042] Key type blacklist registered
Nov 13 00:38:58 ubuntu-bionic kernel: [    0.484744] workingset: timestamp_bits=36 max_order=19 bucket_order=0
Nov 13 00:38:58 ubuntu-bionic kernel: [    0.486214] zbud: loaded
Nov 13 00:38:58 ubuntu-bionic kernel: [    0.487020] squashfs: version 4.0 (2009/01/31) Phillip Lougher
Nov 13 00:38:58 ubuntu-bionic kernel: [    0.488084] fuse init (API version 7.26)
Nov 13 00:38:58 ubuntu-bionic kernel: [    0.490659] Key type asymmetric registered
Nov 13 00:38:58 ubuntu-bionic kernel: [    0.491219] Asymmetric key parser 'x509' registered
Nov 13 00:38:58 ubuntu-bionic kernel: [    0.491942] Block layer SCSI generic (bsg) driver version 0.4 loaded (major 246)
Nov 13 00:38:58 ubuntu-bionic kernel: [    0.493061] io scheduler noop registered
Nov 13 00:38:58 ubuntu-bionic kernel: [    0.493613] io scheduler deadline registered
Nov 13 00:38:58 ubuntu-bionic kernel: [    0.494211] io scheduler cfq registered (default)
Nov 13 00:38:58 ubuntu-bionic kernel: [    0.495170] intel_idle: does not run on family 6 model 165
Nov 13 00:38:58 ubuntu-bionic kernel: [    0.495251] ACPI: AC Adapter [AC] (on-line)
Nov 13 00:38:58 ubuntu-bionic kernel: [    0.495905] input: Power Button as /devices/LNXSYSTM:00/LNXPWRBN:00/input/input0
Nov 13 00:38:58 ubuntu-bionic kernel: [    0.497038] ACPI: Power Button [PWRF]
Nov 13 00:38:58 ubuntu-bionic kernel: [    0.497628] input: Sleep Button as /devices/LNXSYSTM:00/LNXSLPBN:00/input/input1
Nov 13 00:38:58 ubuntu-bionic kernel: [    0.498666] ACPI: Sleep Button [SLPF]
Nov 13 00:38:58 ubuntu-bionic kernel: [    0.499929] ACPI: Battery Slot [BAT0] (battery present)
Nov 13 00:38:58 ubuntu-bionic kernel: [    0.500178] Serial: 8250/16550 driver, 32 ports, IRQ sharing enabled
Nov 13 00:38:58 ubuntu-bionic kernel: [    0.521958] 00:02: ttyS0 at I/O 0x3f8 (irq = 4, base_baud = 115200) is a 16550A
Nov 13 00:38:58 ubuntu-bionic kernel: [    0.526132] Linux agpgart interface v0.103
Nov 13 00:38:58 ubuntu-bionic kernel: [    0.528032] loop: module loaded
Nov 13 00:38:58 ubuntu-bionic kernel: [    0.528578] ata_piix 0000:00:01.1: version 2.13
Nov 13 00:38:58 ubuntu-bionic kernel: [    0.528884] scsi host0: ata_piix
Nov 13 00:38:58 ubuntu-bionic kernel: [    0.529468] scsi host1: ata_piix
Nov 13 00:38:58 ubuntu-bionic kernel: [    0.529950] ata1: PATA max UDMA/33 cmd 0x1f0 ctl 0x3f6 bmdma 0xd000 irq 14
Nov 13 00:38:58 ubuntu-bionic kernel: [    0.530842] ata2: PATA max UDMA/33 cmd 0x170 ctl 0x376 bmdma 0xd008 irq 15
Nov 13 00:38:58 ubuntu-bionic kernel: [    0.531789] tun: Universal TUN/TAP device driver, 1.6
Nov 13 00:38:58 ubuntu-bionic kernel: [    0.532571] PPP generic driver version 2.4.2
Nov 13 00:38:58 ubuntu-bionic kernel: [    0.533200] ehci_hcd: USB 2.0 'Enhanced' Host Controller (EHCI) Driver
Nov 13 00:38:58 ubuntu-bionic kernel: [    0.534083] ehci-pci: EHCI PCI platform driver
Nov 13 00:38:58 ubuntu-bionic kernel: [    0.534722] ehci-platform: EHCI generic platform driver
Nov 13 00:38:58 ubuntu-bionic kernel: [    0.535438] ohci_hcd: USB 1.1 'Open' Host Controller (OHCI) Driver
Nov 13 00:38:58 ubuntu-bionic kernel: [    0.536288] ohci-pci: OHCI PCI platform driver
Nov 13 00:38:58 ubuntu-bionic kernel: [    0.536903] ohci-platform: OHCI generic platform driver
Nov 13 00:38:58 ubuntu-bionic kernel: [    0.537635] uhci_hcd: USB Universal Host Controller Interface driver
Nov 13 00:38:58 ubuntu-bionic kernel: [    0.538520] i8042: PNP: PS/2 Controller [PNP0303:PS2K,PNP0f03:PS2M] at 0x60,0x64 irq 1,12
Nov 13 00:38:58 ubuntu-bionic kernel: [    0.540023] serio: i8042 KBD port at 0x60,0x64 irq 1
Nov 13 00:38:58 ubuntu-bionic kernel: [    0.540733] serio: i8042 AUX port at 0x60,0x64 irq 12
Nov 13 00:38:58 ubuntu-bionic kernel: [    0.541503] mousedev: PS/2 mouse device common for all mice
Nov 13 00:38:58 ubuntu-bionic kernel: [    0.542686] input: AT Translated Set 2 keyboard as /devices/platform/i8042/serio0/input/input2
Nov 13 00:38:58 ubuntu-bionic kernel: [    0.543868] rtc_cmos rtc_cmos: rtc core: registered rtc_cmos as rtc0
Nov 13 00:38:58 ubuntu-bionic kernel: [    0.544873] rtc_cmos rtc_cmos: alarms up to one day, 114 bytes nvram
Nov 13 00:38:58 ubuntu-bionic kernel: [    0.545732] i2c /dev entries driver
Nov 13 00:38:58 ubuntu-bionic kernel: [    0.546264] device-mapper: uevent: version 1.0.3
Nov 13 00:38:58 ubuntu-bionic kernel: [    0.546948] device-mapper: ioctl: 4.37.0-ioctl (2017-09-20) initialised: dm-devel@redhat.com
Nov 13 00:38:58 ubuntu-bionic kernel: [    0.548309] ledtrig-cpu: registered to indicate activity on CPUs
Nov 13 00:38:58 ubuntu-bionic kernel: [    0.549516] NET: Registered protocol family 10
Nov 13 00:38:58 ubuntu-bionic kernel: [    0.552897] Segment Routing with IPv6
Nov 13 00:38:58 ubuntu-bionic kernel: [    0.553431] NET: Registered protocol family 17
Nov 13 00:38:58 ubuntu-bionic kernel: [    0.554089] Key type dns_resolver registered
Nov 13 00:38:58 ubuntu-bionic kernel: [    0.555033] mce: Using 0 MCE banks
Nov 13 00:38:58 ubuntu-bionic kernel: [    0.555520] RAS: Correctable Errors collector initialized.
Nov 13 00:38:58 ubuntu-bionic kernel: [    0.556305] sched_clock: Marking stable (556294435, 0)->(680295321, -124000886)
Nov 13 00:38:58 ubuntu-bionic kernel: [    0.557666] registered taskstats version 1
Nov 13 00:38:58 ubuntu-bionic kernel: [    0.558239] Loading compiled-in X.509 certificates
Nov 13 00:38:58 ubuntu-bionic kernel: [    0.560290] Loaded X.509 cert 'Build time autogenerated kernel key: 6303a3b02fa1c7713b8a75ba7ba622fabd5dd271'
Nov 13 00:38:58 ubuntu-bionic kernel: [    0.561973] Loaded X.509 cert 'Canonical Ltd. Live Patch Signing: 14df34d1a87cf37625abec039ef2bf521249b969'
Nov 13 00:38:58 ubuntu-bionic kernel: [    0.563661] Loaded X.509 cert 'Canonical Ltd. Kernel Module Signing: 88f752e560a1e0737e31163a466ad7b70a850c19'
Nov 13 00:38:58 ubuntu-bionic kernel: [    0.565030] blacklist: Loading compiled-in revocation X.509 certificates
Nov 13 00:38:58 ubuntu-bionic kernel: [    0.565928] Loaded X.509 cert 'Canonical Ltd. Secure Boot Signing: 61482aa2830d0ab2ad5af10b7250da9033ddcef0'
Nov 13 00:38:58 ubuntu-bionic kernel: [    0.567232] zswap: loaded using pool lzo/zbud
Nov 13 00:38:58 ubuntu-bionic kernel: [    0.571321] Key type big_key registered
Nov 13 00:38:58 ubuntu-bionic kernel: [    0.571872] Key type trusted registered
Nov 13 00:38:58 ubuntu-bionic kernel: [    0.573413] Key type encrypted registered
Nov 13 00:38:58 ubuntu-bionic kernel: [    0.573974] AppArmor: AppArmor sha1 policy hashing enabled
Nov 13 00:38:58 ubuntu-bionic kernel: [    0.574728] ima: No TPM chip found, activating TPM-bypass! (rc=-19)
Nov 13 00:38:58 ubuntu-bionic kernel: [    0.575569] ima: Allocated hash algorithm: sha1
Nov 13 00:38:58 ubuntu-bionic kernel: [    0.576205] evm: HMAC attrs: 0x1
Nov 13 00:38:58 ubuntu-bionic kernel: [    0.576882]   Magic number: 14:584:607
Nov 13 00:38:58 ubuntu-bionic kernel: [    0.577548] rtc_cmos rtc_cmos: setting system clock to 2022-11-13 00:38:43 UTC (1668299923)
Nov 13 00:38:58 ubuntu-bionic kernel: [    0.578828] BIOS EDD facility v0.16 2004-Jun-25, 0 devices found
Nov 13 00:38:58 ubuntu-bionic kernel: [    0.579632] EDD information not available.
Nov 13 00:38:58 ubuntu-bionic kernel: [    0.716615] Freeing unused kernel image memory: 2472K
Nov 13 00:38:58 ubuntu-bionic kernel: [    0.728091] Write protecting the kernel read-only data: 20480k
Nov 13 00:38:58 ubuntu-bionic kernel: [    0.729475] Freeing unused kernel image memory: 2008K
Nov 13 00:38:58 ubuntu-bionic kernel: [    0.730408] Freeing unused kernel image memory: 1824K
Nov 13 00:38:58 ubuntu-bionic kernel: [    0.737207] x86/mm: Checked W+X mappings: passed, no W+X pages found.
Nov 13 00:38:58 ubuntu-bionic kernel: [    0.769757] e1000: Intel(R) PRO/1000 Network Driver - version 7.3.21-k8-NAPI
Nov 13 00:38:58 ubuntu-bionic kernel: [    0.770848] e1000: Copyright (c) 1999-2006 Intel Corporation.
Nov 13 00:38:58 ubuntu-bionic kernel: [    0.775991] Fusion MPT base driver 3.04.20
Nov 13 00:38:58 ubuntu-bionic kernel: [    0.776622] Copyright (c) 1999-2008 LSI Corporation
Nov 13 00:38:58 ubuntu-bionic kernel: [    0.779960] Fusion MPT SPI Host driver 3.04.20
Nov 13 00:38:58 ubuntu-bionic kernel: [    0.788659] AVX2 version of gcm_enc/dec engaged.
Nov 13 00:38:58 ubuntu-bionic kernel: [    0.789337] AES CTR mode by8 optimization enabled
Nov 13 00:38:58 ubuntu-bionic kernel: [    0.995083] input: ImExPS/2 Generic Explorer Mouse as /devices/platform/i8042/serio1/input/input4
Nov 13 00:38:58 ubuntu-bionic kernel: [    1.654687] e1000 0000:00:03.0 eth0: (PCI:33MHz:32-bit) 02:d4:40:b8:a4:a0
Nov 13 00:38:58 ubuntu-bionic kernel: [    1.655797] e1000 0000:00:03.0 eth0: Intel(R) PRO/1000 Network Connection
Nov 13 00:38:58 ubuntu-bionic kernel: [    2.704255] e1000 0000:00:08.0 eth1: (PCI:33MHz:32-bit) 08:00:27:55:b3:4d
Nov 13 00:38:58 ubuntu-bionic kernel: [    2.705319] e1000 0000:00:08.0 eth1: Intel(R) PRO/1000 Network Connection
Nov 13 00:38:58 ubuntu-bionic kernel: [    2.706976] e1000 0000:00:03.0 enp0s3: renamed from eth0
Nov 13 00:38:58 ubuntu-bionic kernel: [    2.707871] mptbase: ioc0: Initiating bringup
Nov 13 00:38:58 ubuntu-bionic kernel: [    2.728561] e1000 0000:00:08.0 enp0s8: renamed from eth1
Nov 13 00:38:58 ubuntu-bionic kernel: [    3.653766] ioc0: LSI53C1030 A0: Capabilities={Initiator}
Nov 13 00:38:58 ubuntu-bionic kernel: [    5.469898] scsi host2: ioc0: LSI53C1030 A0, FwRev=00000000h, Ports=1, MaxQ=256, IRQ=20
Nov 13 00:38:58 ubuntu-bionic kernel: [    6.993248] scsi 2:0:0:0: Direct-Access     VBOX     HARDDISK         1.0  PQ: 0 ANSI: 5
Nov 13 00:38:58 ubuntu-bionic kernel: [    7.729127] scsi target2:0:0: Beginning Domain Validation
Nov 13 00:38:58 ubuntu-bionic kernel: [    7.731568] scsi target2:0:0: Domain Validation skipping write tests
Nov 13 00:38:58 ubuntu-bionic kernel: [    7.732467] scsi target2:0:0: Ending Domain Validation
Nov 13 00:38:58 ubuntu-bionic kernel: [    7.733209] scsi target2:0:0: asynchronous
Nov 13 00:38:58 ubuntu-bionic kernel: [    7.734055] scsi 2:0:1:0: Direct-Access     VBOX     HARDDISK         1.0  PQ: 0 ANSI: 5
Nov 13 00:38:58 ubuntu-bionic kernel: [    8.160549] scsi target2:0:1: Beginning Domain Validation
Nov 13 00:38:58 ubuntu-bionic kernel: [    8.162950] scsi target2:0:1: Domain Validation skipping write tests
Nov 13 00:38:58 ubuntu-bionic kernel: [    8.163790] scsi target2:0:1: Ending Domain Validation
Nov 13 00:38:58 ubuntu-bionic kernel: [    8.164527] scsi target2:0:1: asynchronous
Nov 13 00:38:58 ubuntu-bionic kernel: [    8.167755] sd 2:0:0:0: [sda] 83886080 512-byte logical blocks: (42.9 GB/40.0 GiB)
Nov 13 00:38:58 ubuntu-bionic kernel: [    8.168816] sd 2:0:0:0: [sda] Write Protect is off
Nov 13 00:38:58 ubuntu-bionic kernel: [    8.169897] sd 2:0:0:0: [sda] Mode Sense: 04 00 10 00
Nov 13 00:38:58 ubuntu-bionic kernel: [    8.169961] sd 2:0:0:0: [sda] Incomplete mode parameter data
Nov 13 00:38:58 ubuntu-bionic kernel: [    8.170738] sd 2:0:0:0: [sda] Assuming drive cache: write through
Nov 13 00:38:58 ubuntu-bionic kernel: [    8.172711] sd 2:0:0:0: Attached scsi generic sg0 type 0
Nov 13 00:38:58 ubuntu-bionic kernel: [    8.173434]  sda: sda1
Nov 13 00:38:58 ubuntu-bionic kernel: [    8.174140] sd 2:0:0:0: [sda] Attached SCSI disk
Nov 13 00:38:58 ubuntu-bionic kernel: [    8.174165] sd 2:0:1:0: Attached scsi generic sg1 type 0
Nov 13 00:38:58 ubuntu-bionic kernel: [    8.175743] sd 2:0:1:0: [sdb] 20480 512-byte logical blocks: (10.5 MB/10.0 MiB)
Nov 13 00:38:58 ubuntu-bionic kernel: [    8.176830] sd 2:0:1:0: [sdb] Write Protect is off
Nov 13 00:38:58 ubuntu-bionic kernel: [    8.177474] sd 2:0:1:0: [sdb] Mode Sense: 04 00 10 00
Nov 13 00:38:58 ubuntu-bionic kernel: [    8.177727] sd 2:0:1:0: [sdb] Incomplete mode parameter data
Nov 13 00:38:58 ubuntu-bionic kernel: [    8.178477] sd 2:0:1:0: [sdb] Assuming drive cache: write through
Nov 13 00:38:58 ubuntu-bionic kernel: [    8.181105] sd 2:0:1:0: [sdb] Attached SCSI disk
Nov 13 00:38:58 ubuntu-bionic kernel: [    9.516104] raid6: sse2x1   gen() 14280 MB/s
Nov 13 00:38:58 ubuntu-bionic kernel: [    9.564109] raid6: sse2x1   xor()  8316 MB/s
Nov 13 00:38:58 ubuntu-bionic kernel: [    9.612076] raid6: sse2x2   gen() 14969 MB/s
Nov 13 00:38:58 ubuntu-bionic kernel: [    9.660085] raid6: sse2x2   xor() 10984 MB/s
Nov 13 00:38:58 ubuntu-bionic kernel: [    9.708095] raid6: sse2x4   gen() 18614 MB/s
Nov 13 00:38:58 ubuntu-bionic kernel: [    9.756113] raid6: sse2x4   xor() 10929 MB/s
Nov 13 00:38:58 ubuntu-bionic kernel: [    9.804073] raid6: avx2x1   gen() 28855 MB/s
Nov 13 00:38:58 ubuntu-bionic kernel: [    9.852112] raid6: avx2x1   xor() 16555 MB/s
Nov 13 00:38:58 ubuntu-bionic kernel: [    9.900114] raid6: avx2x2   gen() 33506 MB/s
Nov 13 00:38:58 ubuntu-bionic kernel: [    9.948099] raid6: avx2x2   xor() 20747 MB/s
Nov 13 00:38:58 ubuntu-bionic kernel: [    9.996113] raid6: avx2x4   gen() 37066 MB/s
Nov 13 00:38:58 ubuntu-bionic kernel: [   10.044100] raid6: avx2x4   xor() 22779 MB/s
Nov 13 00:38:58 ubuntu-bionic kernel: [   10.044863] raid6: using algorithm avx2x4 gen() 37066 MB/s
Nov 13 00:38:58 ubuntu-bionic kernel: [   10.045704] raid6: .... xor() 22779 MB/s, rmw enabled
Nov 13 00:38:58 ubuntu-bionic kernel: [   10.046380] raid6: using avx2x2 recovery algorithm
Nov 13 00:38:58 ubuntu-bionic kernel: [   10.048184] xor: automatically using best checksumming function   avx       
Nov 13 00:38:58 ubuntu-bionic kernel: [   10.050227] async_tx: api initialized (async)
Nov 13 00:38:58 ubuntu-bionic kernel: [   10.082454] Btrfs loaded, crc32c=crc32c-intel
Nov 13 00:38:58 ubuntu-bionic kernel: [   10.099138] EXT4-fs (sda1): mounted filesystem with ordered data mode. Opts: (null)
Nov 13 00:38:58 ubuntu-bionic kernel: [   10.202463] ip_tables: (C) 2000-2006 Netfilter Core Team
Nov 13 00:38:58 ubuntu-bionic kernel: [   10.554355] Loading iSCSI transport class v2.0-870.
Nov 13 00:38:58 ubuntu-bionic kernel: [   10.558871] iscsi: registered transport (tcp)
Nov 13 00:38:58 ubuntu-bionic kernel: [   10.612580] EXT4-fs (sda1): re-mounted. Opts: (null)
Nov 13 00:38:58 ubuntu-bionic kernel: [   10.615205] iscsi: registered transport (iser)
Nov 13 00:38:58 ubuntu-bionic kernel: [   10.812350] ACPI: Video Device [GFX0] (multi-head: yes  rom: no  post: no)
Nov 13 00:38:58 ubuntu-bionic kernel: [   10.812400] input: Video Bus as /devices/LNXSYSTM:00/LNXSYBUS:00/PNP0A03:00/LNXVIDEO:00/input/input5
Nov 13 00:38:58 ubuntu-bionic kernel: [   10.863146] vgdrvHeartbeatInit: Setting up heartbeat to trigger every 2000 milliseconds
Nov 13 00:38:58 ubuntu-bionic kernel: [   10.863213] input: Unspecified device as /devices/pci0000:00/0000:00:04.0/input/input6
Nov 13 00:38:58 ubuntu-bionic kernel: [   10.863279] vboxguest: misc device minor 57, IRQ 20, I/O port d020, MMIO at 00000000f0400000 (size 0x400000)
Nov 13 00:38:58 ubuntu-bionic kernel: [   10.863279] vboxguest: Successfully loaded version 5.2.8_KernelUbuntu (interface 0x00010004)
Nov 13 00:38:58 ubuntu-bionic kernel: [   10.933970] audit: type=1400 audit(1668299933.852:2): apparmor="STATUS" operation="profile_load" profile="unconfined" name="/usr/bin/lxc-start" pid=557 comm="apparmor_parser"
Nov 13 00:38:58 ubuntu-bionic kernel: [   10.980369] audit: type=1400 audit(1668299933.900:3): apparmor="STATUS" operation="profile_load" profile="unconfined" name="/usr/bin/man" pid=558 comm="apparmor_parser"
Nov 13 00:38:58 ubuntu-bionic kernel: [   10.981202] audit: type=1400 audit(1668299933.900:4): apparmor="STATUS" operation="profile_load" profile="unconfined" name="man_filter" pid=558 comm="apparmor_parser"
Nov 13 00:38:58 ubuntu-bionic kernel: [   10.982057] audit: type=1400 audit(1668299933.900:5): apparmor="STATUS" operation="profile_load" profile="unconfined" name="man_groff" pid=558 comm="apparmor_parser"
Nov 13 00:38:58 ubuntu-bionic kernel: [   11.042806] audit: type=1400 audit(1668299933.960:6): apparmor="STATUS" operation="profile_load" profile="unconfined" name="/sbin/dhclient" pid=559 comm="apparmor_parser"
Nov 13 00:38:58 ubuntu-bionic kernel: [   11.043115] audit: type=1400 audit(1668299933.960:7): apparmor="STATUS" operation="profile_load" profile="unconfined" name="/usr/lib/NetworkManager/nm-dhcp-client.action" pid=559 comm="apparmor_parser"
Nov 13 00:38:58 ubuntu-bionic kernel: [   11.043403] audit: type=1400 audit(1668299933.960:8): apparmor="STATUS" operation="profile_load" profile="unconfined" name="/usr/lib/NetworkManager/nm-dhcp-helper" pid=559 comm="apparmor_parser"
Nov 13 00:38:58 ubuntu-bionic kernel: [   11.043682] audit: type=1400 audit(1668299933.960:9): apparmor="STATUS" operation="profile_load" profile="unconfined" name="/usr/lib/connman/scripts/dhclient-script" pid=559 comm="apparmor_parser"
Nov 13 00:38:58 ubuntu-bionic kernel: [   11.080612] audit: type=1400 audit(1668299934.000:10): apparmor="STATUS" operation="profile_load" profile="unconfined" name="/usr/sbin/tcpdump" pid=575 comm="apparmor_parser"
Nov 13 00:38:58 ubuntu-bionic kernel: [   11.094371] audit: type=1400 audit(1668299934.012:11): apparmor="STATUS" operation="profile_load" profile="unconfined" name="lxc-container-default" pid=556 comm="apparmor_parser"
Nov 13 00:38:58 ubuntu-bionic kernel: [   11.714899] ISO 9660 Extensions: Microsoft Joliet Level 3
Nov 13 00:38:58 ubuntu-bionic kernel: [   11.715438] ISO 9660 Extensions: RRIP_1991A
Nov 13 00:38:58 ubuntu-bionic kernel: [   12.167750] IPv6: ADDRCONF(NETDEV_UP): enp0s3: link is not ready
Nov 13 00:38:58 ubuntu-bionic kernel: [   12.177482] e1000: enp0s3 NIC Link is Up 1000 Mbps Full Duplex, Flow Control: RX
Nov 13 00:38:58 ubuntu-bionic kernel: [   12.177742] IPv6: ADDRCONF(NETDEV_CHANGE): enp0s3: link becomes ready
Nov 13 00:38:58 ubuntu-bionic kernel: [   14.504316] EXT4-fs (sda1): resizing filesystem from 576000 to 10485499 blocks
Nov 13 00:38:58 ubuntu-bionic kernel: [   14.578544] EXT4-fs (sda1): resized filesystem to 10485499
Nov 13 00:38:58 ubuntu-bionic kernel: [   15.441292] new mount options do not match the existing superblock, will be ignored
Nov 13 00:38:58 ubuntu-bionic kernel: [   15.684767] vboxsf: Successfully loaded version 5.2.8_KernelUbuntu (interface 0x00010004)
Nov 13 00:38:58 ubuntu-bionic kernel: [   15.755749] VBoxService 5.2.42_Ubuntu r137960 (verbosity: 0) linux.amd64 (Jun  5 2020 08:26:08) release log
Nov 13 00:38:58 ubuntu-bionic kernel: [   15.755749] 00:00:00.000040 main     Log opened 2022-11-13T00:38:58.678237000Z
Nov 13 00:38:58 ubuntu-bionic kernel: [   15.755792] 00:00:00.000105 main     OS Product: Linux
Nov 13 00:38:58 ubuntu-bionic kernel: [   15.755813] 00:00:00.000131 main     OS Release: 4.15.0-194-generic
Nov 13 00:38:58 ubuntu-bionic kernel: [   15.755831] 00:00:00.000151 main     OS Version: #205-Ubuntu SMP Fri Sep 16 19:49:27 UTC 2022
Nov 13 00:38:58 ubuntu-bionic kernel: [   15.755859] 00:00:00.000168 main     Executable: /usr/sbin/VBoxService
Nov 13 00:38:58 ubuntu-bionic kernel: [   15.755859] 00:00:00.000169 main     Process ID: 1209
Nov 13 00:38:58 ubuntu-bionic kernel: [   15.755859] 00:00:00.000169 main     Package type: LINUX_64BITS_GENERIC (OSE)
Nov 13 00:38:58 ubuntu-bionic kernel: [   15.756350] 00:00:00.000665 main     5.2.42_Ubuntu r137960 started. Verbose level = 0
Nov 13 00:39:07 ubuntu-bionic kernel: [   24.805447] IPv6: ADDRCONF(NETDEV_UP): enp0s8: link is not ready
Nov 13 00:39:07 ubuntu-bionic kernel: [   24.812475] e1000: enp0s8 NIC Link is Up 1000 Mbps Full Duplex, Flow Control: RX
Nov 13 00:39:07 ubuntu-bionic kernel: [   24.812789] IPv6: ADDRCONF(NETDEV_CHANGE): enp0s8: link becomes ready
Nov 13 00:43:18 ubuntu-bionic kernel: [  275.680480] aufs 4.15-20180219
Nov 13 00:43:19 ubuntu-bionic kernel: [  276.617202] kauditd_printk_skb: 5 callbacks suppressed
Nov 13 00:43:19 ubuntu-bionic kernel: [  276.617202] audit: type=1400 audit(1668300199.666:17): apparmor="STATUS" operation="profile_load" profile="unconfined" name="docker-default" pid=3372 comm="apparmor_parser"
Nov 13 00:43:19 ubuntu-bionic kernel: [  276.698769] bridge: filtering via arp/ip/ip6tables is no longer available by default. Update your scripts to load br_netfilter if you need this.
Nov 13 00:43:19 ubuntu-bionic kernel: [  276.699792] Bridge firewalling registered
Nov 13 00:43:19 ubuntu-bionic kernel: [  276.706357] nf_conntrack version 0.5.0 (16384 buckets, 65536 max)
Nov 13 00:43:20 ubuntu-bionic kernel: [  277.211359] Initializing XFRM netlink socket
Nov 13 00:43:20 ubuntu-bionic kernel: [  277.213999] Netfilter messages via NETLINK v0.30.
Nov 13 00:43:20 ubuntu-bionic kernel: [  277.215540] ctnetlink v0.93: registering with nfnetlink.
Nov 13 00:43:20 ubuntu-bionic kernel: [  277.383980] IPv6: ADDRCONF(NETDEV_UP): docker0: link is not ready
Nov 13 00:43:47 ubuntu-bionic kernel: [  304.379940] docker0: port 1(vethf510259) entered blocking state
Nov 13 00:43:47 ubuntu-bionic kernel: [  304.379941] docker0: port 1(vethf510259) entered disabled state
Nov 13 00:43:47 ubuntu-bionic kernel: [  304.380000] device vethf510259 entered promiscuous mode
Nov 13 00:43:47 ubuntu-bionic kernel: [  304.380217] IPv6: ADDRCONF(NETDEV_UP): vethf510259: link is not ready
Nov 13 00:43:47 ubuntu-bionic kernel: [  304.497000] cgroup: cgroup: disabling cgroup2 socket matching due to net_prio or net_cls activation
Nov 13 00:43:47 ubuntu-bionic kernel: [  304.597035] eth0: renamed from veth29b4d90
Nov 13 00:43:47 ubuntu-bionic kernel: [  304.612182] IPv6: ADDRCONF(NETDEV_CHANGE): vethf510259: link becomes ready
Nov 13 00:43:47 ubuntu-bionic kernel: [  304.612203] docker0: port 1(vethf510259) entered blocking state
Nov 13 00:43:47 ubuntu-bionic kernel: [  304.612204] docker0: port 1(vethf510259) entered forwarding state
Nov 13 00:43:47 ubuntu-bionic kernel: [  304.612229] IPv6: ADDRCONF(NETDEV_CHANGE): docker0: link becomes ready
Nov 13 00:43:47 ubuntu-bionic kernel: [  304.747740] docker0: port 1(vethf510259) entered disabled state
Nov 13 00:43:47 ubuntu-bionic kernel: [  304.747774] veth29b4d90: renamed from eth0
Nov 13 00:43:47 ubuntu-bionic kernel: [  304.788890] docker0: port 1(vethf510259) entered disabled state
Nov 13 00:43:47 ubuntu-bionic kernel: [  304.789417] device vethf510259 left promiscuous mode
Nov 13 00:43:47 ubuntu-bionic kernel: [  304.789420] docker0: port 1(vethf510259) entered disabled state
Nov 13 00:46:03 ubuntu-bionic kernel: [  440.391253] IPv6: ADDRCONF(NETDEV_UP): br-de85d6c588c3: link is not ready
Nov 13 00:46:04 ubuntu-bionic kernel: [  441.609613] br-de85d6c588c3: port 1(veth648bd3a) entered blocking state
Nov 13 00:46:04 ubuntu-bionic kernel: [  441.609614] br-de85d6c588c3: port 1(veth648bd3a) entered disabled state
Nov 13 00:46:04 ubuntu-bionic kernel: [  441.609680] device veth648bd3a entered promiscuous mode
Nov 13 00:46:04 ubuntu-bionic kernel: [  441.609907] IPv6: ADDRCONF(NETDEV_UP): veth648bd3a: link is not ready
Nov 13 00:46:06 ubuntu-bionic kernel: [  443.031018] eth0: renamed from veth2bd0d54
Nov 13 00:46:06 ubuntu-bionic kernel: [  443.048334] IPv6: ADDRCONF(NETDEV_CHANGE): veth648bd3a: link becomes ready
Nov 13 00:46:06 ubuntu-bionic kernel: [  443.048352] br-de85d6c588c3: port 1(veth648bd3a) entered blocking state
Nov 13 00:46:06 ubuntu-bionic kernel: [  443.048353] br-de85d6c588c3: port 1(veth648bd3a) entered forwarding state
Nov 13 00:46:06 ubuntu-bionic kernel: [  443.048380] IPv6: ADDRCONF(NETDEV_CHANGE): br-de85d6c588c3: link becomes ready
Nov 13 00:46:06 ubuntu-bionic kernel: [  443.581656] br-de85d6c588c3: port 2(veth5117563) entered blocking state
Nov 13 00:46:06 ubuntu-bionic kernel: [  443.581657] br-de85d6c588c3: port 2(veth5117563) entered disabled state
Nov 13 00:46:06 ubuntu-bionic kernel: [  443.581960] device veth5117563 entered promiscuous mode
Nov 13 00:46:06 ubuntu-bionic kernel: [  443.582061] IPv6: ADDRCONF(NETDEV_UP): veth5117563: link is not ready
Nov 13 00:46:06 ubuntu-bionic kernel: [  443.582078] br-de85d6c588c3: port 2(veth5117563) entered blocking state
Nov 13 00:46:06 ubuntu-bionic kernel: [  443.582079] br-de85d6c588c3: port 2(veth5117563) entered forwarding state
Nov 13 00:46:06 ubuntu-bionic kernel: [  443.668865] br-de85d6c588c3: port 2(veth5117563) entered disabled state
Nov 13 00:46:06 ubuntu-bionic kernel: [  443.668974] br-de85d6c588c3: port 1(veth648bd3a) entered disabled state
Nov 13 00:46:06 ubuntu-bionic kernel: [  443.668996] veth2bd0d54: renamed from eth0
Nov 13 00:46:06 ubuntu-bionic kernel: [  443.712515] br-de85d6c588c3: port 1(veth648bd3a) entered disabled state
Nov 13 00:46:06 ubuntu-bionic kernel: [  443.713130] device veth648bd3a left promiscuous mode
Nov 13 00:46:06 ubuntu-bionic kernel: [  443.713132] br-de85d6c588c3: port 1(veth648bd3a) entered disabled state
Nov 13 00:46:07 ubuntu-bionic kernel: [  444.130415] eth0: renamed from vethb9304b3
Nov 13 00:46:07 ubuntu-bionic kernel: [  444.147042] IPv6: ADDRCONF(NETDEV_CHANGE): veth5117563: link becomes ready
Nov 13 00:46:07 ubuntu-bionic kernel: [  444.147063] br-de85d6c588c3: port 2(veth5117563) entered blocking state
Nov 13 00:46:07 ubuntu-bionic kernel: [  444.147063] br-de85d6c588c3: port 2(veth5117563) entered forwarding state
Nov 13 00:46:56 ubuntu-bionic kernel: [  493.133130] br-de85d6c588c3: port 2(veth5117563) entered disabled state
Nov 13 00:46:56 ubuntu-bionic kernel: [  493.133169] vethb9304b3: renamed from eth0
Nov 13 00:46:56 ubuntu-bionic kernel: [  493.178952] br-de85d6c588c3: port 2(veth5117563) entered disabled state
Nov 13 00:46:56 ubuntu-bionic kernel: [  493.180010] device veth5117563 left promiscuous mode
Nov 13 00:46:56 ubuntu-bionic kernel: [  493.180012] br-de85d6c588c3: port 2(veth5117563) entered disabled state
Nov 13 00:47:23 ubuntu-bionic kernel: [  520.642976] br-de85d6c588c3: port 1(vethfd2f517) entered blocking state
Nov 13 00:47:23 ubuntu-bionic kernel: [  520.642977] br-de85d6c588c3: port 1(vethfd2f517) entered disabled state
Nov 13 00:47:23 ubuntu-bionic kernel: [  520.643039] device vethfd2f517 entered promiscuous mode
Nov 13 00:47:23 ubuntu-bionic kernel: [  520.643225] IPv6: ADDRCONF(NETDEV_UP): vethfd2f517: link is not ready
Nov 13 00:47:24 ubuntu-bionic kernel: [  521.116607] eth0: renamed from vetha4bdf5e
Nov 13 00:47:24 ubuntu-bionic kernel: [  521.132090] IPv6: ADDRCONF(NETDEV_CHANGE): vethfd2f517: link becomes ready
Nov 13 00:47:24 ubuntu-bionic kernel: [  521.132112] br-de85d6c588c3: port 1(vethfd2f517) entered blocking state
Nov 13 00:47:24 ubuntu-bionic kernel: [  521.132113] br-de85d6c588c3: port 1(vethfd2f517) entered forwarding state
Nov 13 00:47:24 ubuntu-bionic kernel: [  521.255885] br-de85d6c588c3: port 2(veth776f1d5) entered blocking state
Nov 13 00:47:24 ubuntu-bionic kernel: [  521.255886] br-de85d6c588c3: port 2(veth776f1d5) entered disabled state
Nov 13 00:47:24 ubuntu-bionic kernel: [  521.255924] device veth776f1d5 entered promiscuous mode
Nov 13 00:47:24 ubuntu-bionic kernel: [  521.255975] IPv6: ADDRCONF(NETDEV_UP): veth776f1d5: link is not ready
Nov 13 00:47:24 ubuntu-bionic kernel: [  521.255981] br-de85d6c588c3: port 2(veth776f1d5) entered blocking state
Nov 13 00:47:24 ubuntu-bionic kernel: [  521.255982] br-de85d6c588c3: port 2(veth776f1d5) entered forwarding state
Nov 13 00:47:24 ubuntu-bionic kernel: [  521.344712] br-de85d6c588c3: port 2(veth776f1d5) entered disabled state
Nov 13 00:47:24 ubuntu-bionic kernel: [  521.344779] br-de85d6c588c3: port 1(vethfd2f517) entered disabled state
Nov 13 00:47:24 ubuntu-bionic kernel: [  521.344999] vetha4bdf5e: renamed from eth0
Nov 13 00:47:24 ubuntu-bionic kernel: [  521.389778] br-de85d6c588c3: port 1(vethfd2f517) entered disabled state
Nov 13 00:47:24 ubuntu-bionic kernel: [  521.390843] device vethfd2f517 left promiscuous mode
Nov 13 00:47:24 ubuntu-bionic kernel: [  521.390846] br-de85d6c588c3: port 1(vethfd2f517) entered disabled state
Nov 13 00:47:24 ubuntu-bionic kernel: [  521.753407] eth0: renamed from vethd6adbf9
Nov 13 00:47:24 ubuntu-bionic kernel: [  521.768185] IPv6: ADDRCONF(NETDEV_CHANGE): veth776f1d5: link becomes ready
Nov 13 00:47:24 ubuntu-bionic kernel: [  521.768204] br-de85d6c588c3: port 2(veth776f1d5) entered blocking state
Nov 13 00:47:24 ubuntu-bionic kernel: [  521.768205] br-de85d6c588c3: port 2(veth776f1d5) entered forwarding state
Nov 13 00:49:51 ubuntu-bionic kernel: [  667.750490] br-de85d6c588c3: port 2(veth776f1d5) entered disabled state
Nov 13 00:49:51 ubuntu-bionic kernel: [  667.750519] vethd6adbf9: renamed from eth0
Nov 13 00:49:51 ubuntu-bionic kernel: [  667.799876] br-de85d6c588c3: port 2(veth776f1d5) entered disabled state
Nov 13 00:49:51 ubuntu-bionic kernel: [  667.800419] device veth776f1d5 left promiscuous mode
Nov 13 00:49:51 ubuntu-bionic kernel: [  667.800421] br-de85d6c588c3: port 2(veth776f1d5) entered disabled state
Nov 13 00:49:56 ubuntu-bionic kernel: [  673.111002] br-de85d6c588c3: port 1(vethc2a453a) entered blocking state
Nov 13 00:49:56 ubuntu-bionic kernel: [  673.111004] br-de85d6c588c3: port 1(vethc2a453a) entered disabled state
Nov 13 00:49:56 ubuntu-bionic kernel: [  673.111096] device vethc2a453a entered promiscuous mode
Nov 13 00:49:56 ubuntu-bionic kernel: [  673.111338] IPv6: ADDRCONF(NETDEV_UP): vethc2a453a: link is not ready
Nov 13 00:49:57 ubuntu-bionic kernel: [  673.904288] eth0: renamed from veth5efb349
Nov 13 00:49:57 ubuntu-bionic kernel: [  673.923679] IPv6: ADDRCONF(NETDEV_CHANGE): vethc2a453a: link becomes ready
Nov 13 00:49:57 ubuntu-bionic kernel: [  673.923697] br-de85d6c588c3: port 1(vethc2a453a) entered blocking state
Nov 13 00:49:57 ubuntu-bionic kernel: [  673.923698] br-de85d6c588c3: port 1(vethc2a453a) entered forwarding state
Nov 13 00:49:57 ubuntu-bionic kernel: [  674.196338] br-de85d6c588c3: port 2(veth99eca2e) entered blocking state
Nov 13 00:49:57 ubuntu-bionic kernel: [  674.196339] br-de85d6c588c3: port 2(veth99eca2e) entered disabled state
Nov 13 00:49:57 ubuntu-bionic kernel: [  674.196396] device veth99eca2e entered promiscuous mode
Nov 13 00:49:57 ubuntu-bionic kernel: [  674.196549] IPv6: ADDRCONF(NETDEV_UP): veth99eca2e: link is not ready
Nov 13 00:49:57 ubuntu-bionic kernel: [  674.691731] eth0: renamed from veth2652b8a
Nov 13 00:49:57 ubuntu-bionic kernel: [  674.715418] IPv6: ADDRCONF(NETDEV_CHANGE): veth99eca2e: link becomes ready
Nov 13 00:49:57 ubuntu-bionic kernel: [  674.715439] br-de85d6c588c3: port 2(veth99eca2e) entered blocking state
Nov 13 00:49:57 ubuntu-bionic kernel: [  674.715440] br-de85d6c588c3: port 2(veth99eca2e) entered forwarding state
Nov 13 17:13:16 ubuntu-bionic kernel: [    0.000000] Linux version 4.15.0-194-generic (buildd@lcy02-amd64-052) (gcc version 7.5.0 (Ubuntu 7.5.0-3ubuntu1~18.04)) #205-Ubuntu SMP Fri Sep 16 19:49:27 UTC 2022 (Ubuntu 4.15.0-194.205-generic 4.15.18)
Nov 13 17:13:16 ubuntu-bionic kernel: [    0.000000] Command line: BOOT_IMAGE=/boot/vmlinuz-4.15.0-194-generic root=LABEL=cloudimg-rootfs ro console=tty1 console=ttyS0
Nov 13 17:13:16 ubuntu-bionic kernel: [    0.000000] KERNEL supported cpus:
Nov 13 17:13:16 ubuntu-bionic kernel: [    0.000000]   Intel GenuineIntel
Nov 13 17:13:16 ubuntu-bionic kernel: [    0.000000]   AMD AuthenticAMD
Nov 13 17:13:16 ubuntu-bionic kernel: [    0.000000]   Centaur CentaurHauls
Nov 13 17:13:16 ubuntu-bionic kernel: [    0.000000] x86/fpu: Supporting XSAVE feature 0x001: 'x87 floating point registers'
Nov 13 17:13:16 ubuntu-bionic kernel: [    0.000000] x86/fpu: Supporting XSAVE feature 0x002: 'SSE registers'
Nov 13 17:13:16 ubuntu-bionic kernel: [    0.000000] x86/fpu: Supporting XSAVE feature 0x004: 'AVX registers'
Nov 13 17:13:16 ubuntu-bionic kernel: [    0.000000] x86/fpu: xstate_offset[2]:  576, xstate_sizes[2]:  256
Nov 13 17:13:16 ubuntu-bionic kernel: [    0.000000] x86/fpu: Enabled xstate features 0x7, context size is 832 bytes, using 'standard' format.
Nov 13 17:13:16 ubuntu-bionic kernel: [    0.000000] e820: BIOS-provided physical RAM map:
Nov 13 17:13:16 ubuntu-bionic kernel: [    0.000000] BIOS-e820: [mem 0x0000000000000000-0x000000000009fbff] usable
Nov 13 17:13:16 ubuntu-bionic kernel: [    0.000000] BIOS-e820: [mem 0x000000000009fc00-0x000000000009ffff] reserved
Nov 13 17:13:16 ubuntu-bionic kernel: [    0.000000] BIOS-e820: [mem 0x00000000000f0000-0x00000000000fffff] reserved
Nov 13 17:13:16 ubuntu-bionic kernel: [    0.000000] BIOS-e820: [mem 0x0000000000100000-0x000000007ffeffff] usable
Nov 13 17:13:16 ubuntu-bionic kernel: [    0.000000] BIOS-e820: [mem 0x000000007fff0000-0x000000007fffffff] ACPI data
Nov 13 17:13:16 ubuntu-bionic kernel: [    0.000000] BIOS-e820: [mem 0x00000000fec00000-0x00000000fec00fff] reserved
Nov 13 17:13:16 ubuntu-bionic kernel: [    0.000000] BIOS-e820: [mem 0x00000000fee00000-0x00000000fee00fff] reserved
Nov 13 17:13:16 ubuntu-bionic kernel: [    0.000000] BIOS-e820: [mem 0x00000000fffc0000-0x00000000ffffffff] reserved
Nov 13 17:13:16 ubuntu-bionic kernel: [    0.000000] NX (Execute Disable) protection: active
Nov 13 17:13:16 ubuntu-bionic kernel: [    0.000000] SMBIOS 2.5 present.
Nov 13 17:13:16 ubuntu-bionic kernel: [    0.000000] DMI: innotek GmbH VirtualBox/VirtualBox, BIOS VirtualBox 12/01/2006
Nov 13 17:13:16 ubuntu-bionic kernel: [    0.000000] Hypervisor detected: KVM
Nov 13 17:13:16 ubuntu-bionic kernel: [    0.000000] e820: update [mem 0x00000000-0x00000fff] usable ==> reserved
Nov 13 17:13:16 ubuntu-bionic kernel: [    0.000000] e820: remove [mem 0x000a0000-0x000fffff] usable
Nov 13 17:13:16 ubuntu-bionic kernel: [    0.000000] e820: last_pfn = 0x7fff0 max_arch_pfn = 0x400000000
Nov 13 17:13:16 ubuntu-bionic kernel: [    0.000000] MTRR default type: uncachable
Nov 13 17:13:16 ubuntu-bionic kernel: [    0.000000] MTRR variable ranges disabled:
Nov 13 17:13:16 ubuntu-bionic kernel: [    0.000000] MTRR: Disabled
Nov 13 17:13:16 ubuntu-bionic kernel: [    0.000000] x86/PAT: MTRRs disabled, skipping PAT initialization too.
Nov 13 17:13:16 ubuntu-bionic kernel: [    0.000000] CPU MTRRs all blank - virtualized system.
Nov 13 17:13:16 ubuntu-bionic kernel: [    0.000000] x86/PAT: Configuration [0-7]: WB  WT  UC- UC  WB  WT  UC- UC  
Nov 13 17:13:16 ubuntu-bionic kernel: [    0.000000] found SMP MP-table at [mem 0x0009fff0-0x0009ffff]
Nov 13 17:13:16 ubuntu-bionic kernel: [    0.000000] Scanning 1 areas for low memory corruption
Nov 13 17:13:16 ubuntu-bionic kernel: [    0.000000] RAMDISK: [mem 0x359cb000-0x36cdcfff]
Nov 13 17:13:16 ubuntu-bionic kernel: [    0.000000] ACPI: Early table checksum verification disabled
Nov 13 17:13:16 ubuntu-bionic kernel: [    0.000000] ACPI: RSDP 0x00000000000E0000 000024 (v02 VBOX  )
Nov 13 17:13:16 ubuntu-bionic kernel: [    0.000000] ACPI: XSDT 0x000000007FFF0030 00003C (v01 VBOX   VBOXXSDT 00000001 ASL  00000061)
Nov 13 17:13:16 ubuntu-bionic kernel: [    0.000000] ACPI: FACP 0x000000007FFF00F0 0000F4 (v04 VBOX   VBOXFACP 00000001 ASL  00000061)
Nov 13 17:13:16 ubuntu-bionic kernel: [    0.000000] ACPI: DSDT 0x000000007FFF0480 002325 (v02 VBOX   VBOXBIOS 00000002 INTL 20100528)
Nov 13 17:13:16 ubuntu-bionic kernel: [    0.000000] ACPI: FACS 0x000000007FFF0200 000040
Nov 13 17:13:16 ubuntu-bionic kernel: [    0.000000] ACPI: FACS 0x000000007FFF0200 000040
Nov 13 17:13:16 ubuntu-bionic kernel: [    0.000000] ACPI: APIC 0x000000007FFF0240 00006C (v02 VBOX   VBOXAPIC 00000001 ASL  00000061)
Nov 13 17:13:16 ubuntu-bionic kernel: [    0.000000] ACPI: SSDT 0x000000007FFF02B0 0001CC (v01 VBOX   VBOXCPUT 00000002 INTL 20100528)
Nov 13 17:13:16 ubuntu-bionic kernel: [    0.000000] ACPI: Reserving FACP table memory at [mem 0x7fff00f0-0x7fff01e3]
Nov 13 17:13:16 ubuntu-bionic kernel: [    0.000000] ACPI: Reserving DSDT table memory at [mem 0x7fff0480-0x7fff27a4]
Nov 13 17:13:16 ubuntu-bionic kernel: [    0.000000] ACPI: Reserving FACS table memory at [mem 0x7fff0200-0x7fff023f]
Nov 13 17:13:16 ubuntu-bionic kernel: [    0.000000] ACPI: Reserving FACS table memory at [mem 0x7fff0200-0x7fff023f]
Nov 13 17:13:16 ubuntu-bionic kernel: [    0.000000] ACPI: Reserving APIC table memory at [mem 0x7fff0240-0x7fff02ab]
Nov 13 17:13:16 ubuntu-bionic kernel: [    0.000000] ACPI: Reserving SSDT table memory at [mem 0x7fff02b0-0x7fff047b]
Nov 13 17:13:16 ubuntu-bionic kernel: [    0.000000] ACPI: Local APIC address 0xfee00000
Nov 13 17:13:16 ubuntu-bionic kernel: [    0.000000] No NUMA configuration found
Nov 13 17:13:16 ubuntu-bionic kernel: [    0.000000] Faking a node at [mem 0x0000000000000000-0x000000007ffeffff]
Nov 13 17:13:16 ubuntu-bionic kernel: [    0.000000] NODE_DATA(0) allocated [mem 0x7ffc5000-0x7ffeffff]
Nov 13 17:13:16 ubuntu-bionic kernel: [    0.000000] kvm-clock: cpu 0, msr 0:7ff44001, primary cpu clock
Nov 13 17:13:16 ubuntu-bionic kernel: [    0.000000] kvm-clock: Using msrs 4b564d01 and 4b564d00
Nov 13 17:13:16 ubuntu-bionic kernel: [    0.000000] kvm-clock: using sched offset of 3335298601 cycles
Nov 13 17:13:16 ubuntu-bionic kernel: [    0.000000] clocksource: kvm-clock: mask: 0xffffffffffffffff max_cycles: 0x1cd42e4dffb, max_idle_ns: 881590591483 ns
Nov 13 17:13:16 ubuntu-bionic kernel: [    0.000000] Zone ranges:
Nov 13 17:13:16 ubuntu-bionic kernel: [    0.000000]   DMA      [mem 0x0000000000001000-0x0000000000ffffff]
Nov 13 17:13:16 ubuntu-bionic kernel: [    0.000000]   DMA32    [mem 0x0000000001000000-0x000000007ffeffff]
Nov 13 17:13:16 ubuntu-bionic kernel: [    0.000000]   Normal   empty
Nov 13 17:13:16 ubuntu-bionic kernel: [    0.000000]   Device   empty
Nov 13 17:13:16 ubuntu-bionic kernel: [    0.000000] Movable zone start for each node
Nov 13 17:13:16 ubuntu-bionic kernel: [    0.000000] Early memory node ranges
Nov 13 17:13:16 ubuntu-bionic kernel: [    0.000000]   node   0: [mem 0x0000000000001000-0x000000000009efff]
Nov 13 17:13:16 ubuntu-bionic kernel: [    0.000000]   node   0: [mem 0x0000000000100000-0x000000007ffeffff]
Nov 13 17:13:16 ubuntu-bionic kernel: [    0.000000] Reserved but unavailable: 104 pages
Nov 13 17:13:16 ubuntu-bionic kernel: [    0.000000] Initmem setup node 0 [mem 0x0000000000001000-0x000000007ffeffff]
Nov 13 17:13:16 ubuntu-bionic kernel: [    0.000000] On node 0 totalpages: 524174
Nov 13 17:13:16 ubuntu-bionic kernel: [    0.000000]   DMA zone: 64 pages used for memmap
Nov 13 17:13:16 ubuntu-bionic kernel: [    0.000000]   DMA zone: 21 pages reserved
Nov 13 17:13:16 ubuntu-bionic kernel: [    0.000000]   DMA zone: 3998 pages, LIFO batch:0
Nov 13 17:13:16 ubuntu-bionic kernel: [    0.000000]   DMA32 zone: 8128 pages used for memmap
Nov 13 17:13:16 ubuntu-bionic kernel: [    0.000000]   DMA32 zone: 520176 pages, LIFO batch:31
Nov 13 17:13:16 ubuntu-bionic kernel: [    0.000000] ACPI: PM-Timer IO Port: 0x4008
Nov 13 17:13:16 ubuntu-bionic kernel: [    0.000000] ACPI: Local APIC address 0xfee00000
Nov 13 17:13:16 ubuntu-bionic kernel: [    0.000000] IOAPIC[0]: apic_id 4, version 32, address 0xfec00000, GSI 0-23
Nov 13 17:13:16 ubuntu-bionic kernel: [    0.000000] ACPI: INT_SRC_OVR (bus 0 bus_irq 0 global_irq 2 dfl dfl)
Nov 13 17:13:16 ubuntu-bionic kernel: [    0.000000] ACPI: INT_SRC_OVR (bus 0 bus_irq 9 global_irq 9 low level)
Nov 13 17:13:16 ubuntu-bionic kernel: [    0.000000] ACPI: IRQ0 used by override.
Nov 13 17:13:16 ubuntu-bionic kernel: [    0.000000] ACPI: IRQ9 used by override.
Nov 13 17:13:16 ubuntu-bionic kernel: [    0.000000] Using ACPI (MADT) for SMP configuration information
Nov 13 17:13:16 ubuntu-bionic kernel: [    0.000000] smpboot: Allowing 4 CPUs, 0 hotplug CPUs
Nov 13 17:13:16 ubuntu-bionic kernel: [    0.000000] PM: Registered nosave memory: [mem 0x00000000-0x00000fff]
Nov 13 17:13:16 ubuntu-bionic kernel: [    0.000000] PM: Registered nosave memory: [mem 0x0009f000-0x0009ffff]
Nov 13 17:13:16 ubuntu-bionic kernel: [    0.000000] PM: Registered nosave memory: [mem 0x000a0000-0x000effff]
Nov 13 17:13:16 ubuntu-bionic kernel: [    0.000000] PM: Registered nosave memory: [mem 0x000f0000-0x000fffff]
Nov 13 17:13:16 ubuntu-bionic kernel: [    0.000000] e820: [mem 0x80000000-0xfebfffff] available for PCI devices
Nov 13 17:13:16 ubuntu-bionic kernel: [    0.000000] Booting paravirtualized kernel on KVM
Nov 13 17:13:16 ubuntu-bionic kernel: [    0.000000] clocksource: refined-jiffies: mask: 0xffffffff max_cycles: 0xffffffff, max_idle_ns: 7645519600211568 ns
Nov 13 17:13:16 ubuntu-bionic kernel: [    0.000000] setup_percpu: NR_CPUS:8192 nr_cpumask_bits:4 nr_cpu_ids:4 nr_node_ids:1
Nov 13 17:13:16 ubuntu-bionic kernel: [    0.000000] percpu: Embedded 50 pages/cpu s167936 r8192 d28672 u524288
Nov 13 17:13:16 ubuntu-bionic kernel: [    0.000000] pcpu-alloc: s167936 r8192 d28672 u524288 alloc=1*2097152
Nov 13 17:13:16 ubuntu-bionic kernel: [    0.000000] pcpu-alloc: [0] 0 1 2 3 
Nov 13 17:13:16 ubuntu-bionic kernel: [    0.000000] PV qspinlock hash table entries: 256 (order: 0, 4096 bytes)
Nov 13 17:13:16 ubuntu-bionic kernel: [    0.000000] Built 1 zonelists, mobility grouping on.  Total pages: 515961
Nov 13 17:13:16 ubuntu-bionic kernel: [    0.000000] Policy zone: DMA32
Nov 13 17:13:16 ubuntu-bionic kernel: [    0.000000] Kernel command line: BOOT_IMAGE=/boot/vmlinuz-4.15.0-194-generic root=LABEL=cloudimg-rootfs ro console=tty1 console=ttyS0
Nov 13 17:13:16 ubuntu-bionic kernel: [    0.000000] Calgary: detecting Calgary via BIOS EBDA area
Nov 13 17:13:16 ubuntu-bionic kernel: [    0.000000] Calgary: Unable to locate Rio Grande table in EBDA - bailing!
Nov 13 17:13:16 ubuntu-bionic kernel: [    0.000000] Memory: 2014444K/2096696K available (12300K kernel code, 2477K rwdata, 4320K rodata, 2472K init, 2720K bss, 82252K reserved, 0K cma-reserved)
Nov 13 17:13:16 ubuntu-bionic kernel: [    0.000000] SLUB: HWalign=64, Order=0-3, MinObjects=0, CPUs=4, Nodes=1
Nov 13 17:13:16 ubuntu-bionic kernel: [    0.000000] ftrace: allocating 39477 entries in 155 pages
Nov 13 17:13:16 ubuntu-bionic kernel: [    0.004000] Hierarchical RCU implementation.
Nov 13 17:13:16 ubuntu-bionic kernel: [    0.004000] 	RCU restricting CPUs from NR_CPUS=8192 to nr_cpu_ids=4.
Nov 13 17:13:16 ubuntu-bionic kernel: [    0.004000] 	Tasks RCU enabled.
Nov 13 17:13:16 ubuntu-bionic kernel: [    0.004000] RCU: Adjusting geometry for rcu_fanout_leaf=16, nr_cpu_ids=4
Nov 13 17:13:16 ubuntu-bionic kernel: [    0.004000] NR_IRQS: 524544, nr_irqs: 456, preallocated irqs: 16
Nov 13 17:13:16 ubuntu-bionic kernel: [    0.004000] random: crng init done
Nov 13 17:13:16 ubuntu-bionic kernel: [    0.004000] Console: colour VGA+ 80x25
Nov 13 17:13:16 ubuntu-bionic kernel: [    0.004000] console [tty1] enabled
Nov 13 17:13:16 ubuntu-bionic kernel: [    0.004000] console [ttyS0] enabled
Nov 13 17:13:16 ubuntu-bionic kernel: [    0.004000] ACPI: Core revision 20170831
Nov 13 17:13:16 ubuntu-bionic kernel: [    0.004000] ACPI: 2 ACPI AML tables successfully acquired and loaded
Nov 13 17:13:16 ubuntu-bionic kernel: [    0.004000] APIC: Switch to symmetric I/O mode setup
Nov 13 17:13:16 ubuntu-bionic kernel: [    0.004000] x2apic enabled
Nov 13 17:13:16 ubuntu-bionic kernel: [    0.004000] Switched APIC routing to physical x2apic.
Nov 13 17:13:16 ubuntu-bionic kernel: [    0.004000] ..TIMER: vector=0x30 apic1=0 pin1=2 apic2=-1 pin2=-1
Nov 13 17:13:16 ubuntu-bionic kernel: [    0.004000] tsc: Detected 2496.002 MHz processor
Nov 13 17:13:16 ubuntu-bionic kernel: [    0.004007] Calibrating delay loop (skipped) preset value.. 4992.00 BogoMIPS (lpj=9984008)
Nov 13 17:13:16 ubuntu-bionic kernel: [    0.005094] pid_max: default: 32768 minimum: 301
Nov 13 17:13:16 ubuntu-bionic kernel: [    0.005742] Security Framework initialized
Nov 13 17:13:16 ubuntu-bionic kernel: [    0.006317] Yama: becoming mindful.
Nov 13 17:13:16 ubuntu-bionic kernel: [    0.006822] AppArmor: AppArmor initialized
Nov 13 17:13:16 ubuntu-bionic kernel: [    0.008065] Dentry cache hash table entries: 262144 (order: 9, 2097152 bytes)
Nov 13 17:13:16 ubuntu-bionic kernel: [    0.011077] Inode-cache hash table entries: 131072 (order: 8, 1048576 bytes)
Nov 13 17:13:16 ubuntu-bionic kernel: [    0.012015] Mount-cache hash table entries: 4096 (order: 3, 32768 bytes)
Nov 13 17:13:16 ubuntu-bionic kernel: [    0.013191] Mountpoint-cache hash table entries: 4096 (order: 3, 32768 bytes)
Nov 13 17:13:16 ubuntu-bionic kernel: [    0.016213] Last level iTLB entries: 4KB 64, 2MB 8, 4MB 8
Nov 13 17:13:16 ubuntu-bionic kernel: [    0.016939] Last level dTLB entries: 4KB 64, 2MB 0, 4MB 0, 1GB 4
Nov 13 17:13:16 ubuntu-bionic kernel: [    0.017796] Spectre V1 : Mitigation: usercopy/swapgs barriers and __user pointer sanitization
Nov 13 17:13:16 ubuntu-bionic kernel: [    0.019016] Spectre V2 : Mitigation: Retpolines
Nov 13 17:13:16 ubuntu-bionic kernel: [    0.019686] Spectre V2 : Spectre v2 / SpectreRSB mitigation: Filling RSB on context switch
Nov 13 17:13:16 ubuntu-bionic kernel: [    0.020002] Speculative Store Bypass: Vulnerable
Nov 13 17:13:16 ubuntu-bionic kernel: [    0.020794] MMIO Stale Data: Mitigation: Clear CPU buffers
Nov 13 17:13:16 ubuntu-bionic kernel: [    0.021530] SRBDS: Unknown: Dependent on hypervisor status
Nov 13 17:13:16 ubuntu-bionic kernel: [    0.022396] Freeing SMP alternatives memory: 36K
Nov 13 17:13:16 ubuntu-bionic kernel: [    0.133906] smpboot: CPU0: Intel(R) Core(TM) i5-10500H CPU @ 2.50GHz (family: 0x6, model: 0xa5, stepping: 0x2)
Nov 13 17:13:16 ubuntu-bionic kernel: [    0.135835] Performance Events: unsupported p6 CPU model 165 no PMU driver, software events only.
Nov 13 17:13:16 ubuntu-bionic kernel: [    0.136000] Hierarchical SRCU implementation.
Nov 13 17:13:16 ubuntu-bionic kernel: [    0.136240] NMI watchdog: Perf event create on CPU 0 failed with -2
Nov 13 17:13:16 ubuntu-bionic kernel: [    0.137090] NMI watchdog: Perf NMI watchdog permanently disabled
Nov 13 17:13:16 ubuntu-bionic kernel: [    0.137934] smp: Bringing up secondary CPUs ...
Nov 13 17:13:16 ubuntu-bionic kernel: [    0.138611] x86: Booting SMP configuration:
Nov 13 17:13:16 ubuntu-bionic kernel: [    0.139236] .... node  #0, CPUs:      #1
Nov 13 17:13:16 ubuntu-bionic kernel: [    0.004000] kvm-clock: cpu 1, msr 0:7ff44041, secondary cpu clock
Nov 13 17:13:16 ubuntu-bionic kernel: [    0.142509]  #2
Nov 13 17:13:16 ubuntu-bionic kernel: [    0.004000] kvm-clock: cpu 2, msr 0:7ff44081, secondary cpu clock
Nov 13 17:13:16 ubuntu-bionic kernel: [    0.144063]  #3
Nov 13 17:13:16 ubuntu-bionic kernel: [    0.004000] kvm-clock: cpu 3, msr 0:7ff440c1, secondary cpu clock
Nov 13 17:13:16 ubuntu-bionic kernel: [    0.152018] smp: Brought up 1 node, 4 CPUs
Nov 13 17:13:16 ubuntu-bionic kernel: [    0.152645] smpboot: Max logical packages: 1
Nov 13 17:13:16 ubuntu-bionic kernel: [    0.153236] smpboot: Total of 4 processors activated (19968.01 BogoMIPS)
Nov 13 17:13:16 ubuntu-bionic kernel: [    0.154247] devtmpfs: initialized
Nov 13 17:13:16 ubuntu-bionic kernel: [    0.154247] x86/mm: Memory block size: 128MB
Nov 13 17:13:16 ubuntu-bionic kernel: [    0.154247] evm: security.selinux
Nov 13 17:13:16 ubuntu-bionic kernel: [    0.156003] evm: security.SMACK64
Nov 13 17:13:16 ubuntu-bionic kernel: [    0.156589] evm: security.SMACK64EXEC
Nov 13 17:13:16 ubuntu-bionic kernel: [    0.157118] evm: security.SMACK64TRANSMUTE
Nov 13 17:13:16 ubuntu-bionic kernel: [    0.157694] evm: security.SMACK64MMAP
Nov 13 17:13:16 ubuntu-bionic kernel: [    0.158217] evm: security.apparmor
Nov 13 17:13:16 ubuntu-bionic kernel: [    0.158712] evm: security.ima
Nov 13 17:13:16 ubuntu-bionic kernel: [    0.159145] evm: security.capability
Nov 13 17:13:16 ubuntu-bionic kernel: [    0.160070] clocksource: jiffies: mask: 0xffffffff max_cycles: 0xffffffff, max_idle_ns: 7645041785100000 ns
Nov 13 17:13:16 ubuntu-bionic kernel: [    0.161297] futex hash table entries: 1024 (order: 4, 65536 bytes)
Nov 13 17:13:16 ubuntu-bionic kernel: [    0.162150] pinctrl core: initialized pinctrl subsystem
Nov 13 17:13:16 ubuntu-bionic kernel: [    0.164074] RTC time: 17:13:03, date: 11/13/22
Nov 13 17:13:16 ubuntu-bionic kernel: [    0.165011] NET: Registered protocol family 16
Nov 13 17:13:16 ubuntu-bionic kernel: [    0.165691] audit: initializing netlink subsys (disabled)
Nov 13 17:13:16 ubuntu-bionic kernel: [    0.168012] audit: type=2000 audit(1668359587.955:1): state=initialized audit_enabled=0 res=1
Nov 13 17:13:16 ubuntu-bionic kernel: [    0.169221] cpuidle: using governor ladder
Nov 13 17:13:16 ubuntu-bionic kernel: [    0.169221] cpuidle: using governor menu
Nov 13 17:13:16 ubuntu-bionic kernel: [    0.169238] ACPI: bus type PCI registered
Nov 13 17:13:16 ubuntu-bionic kernel: [    0.169817] acpiphp: ACPI Hot Plug PCI Controller Driver version: 0.5
Nov 13 17:13:16 ubuntu-bionic kernel: [    0.172017] PCI: Using configuration type 1 for base access
Nov 13 17:13:16 ubuntu-bionic kernel: [    0.172848] HugeTLB registered 2.00 MiB page size, pre-allocated 0 pages
Nov 13 17:13:16 ubuntu-bionic kernel: [    0.172936] ACPI: Added _OSI(Module Device)
Nov 13 17:13:16 ubuntu-bionic kernel: [    0.172936] ACPI: Added _OSI(Processor Device)
Nov 13 17:13:16 ubuntu-bionic kernel: [    0.176006] ACPI: Added _OSI(3.0 _SCP Extensions)
Nov 13 17:13:16 ubuntu-bionic kernel: [    0.176649] ACPI: Added _OSI(Processor Aggregator Device)
Nov 13 17:13:16 ubuntu-bionic kernel: [    0.177382] ACPI: Added _OSI(Linux-Dell-Video)
Nov 13 17:13:16 ubuntu-bionic kernel: [    0.178016] ACPI: Added _OSI(Linux-Lenovo-NV-HDMI-Audio)
Nov 13 17:13:16 ubuntu-bionic kernel: [    0.178749] ACPI: Added _OSI(Linux-HPI-Hybrid-Graphics)
Nov 13 17:13:16 ubuntu-bionic kernel: [    0.180068] ACPI: Executed 1 blocks of module-level executable AML code
Nov 13 17:13:16 ubuntu-bionic kernel: [    0.183202] ACPI: Interpreter enabled
Nov 13 17:13:16 ubuntu-bionic kernel: [    0.183759] ACPI: (supports S0 S5)
Nov 13 17:13:16 ubuntu-bionic kernel: [    0.184002] ACPI: Using IOAPIC for interrupt routing
Nov 13 17:13:16 ubuntu-bionic kernel: [    0.184837] PCI: Using host bridge windows from ACPI; if necessary, use "pci=nocrs" and report a bug
Nov 13 17:13:16 ubuntu-bionic kernel: [    0.186226] ACPI: Enabled 2 GPEs in block 00 to 07
Nov 13 17:13:16 ubuntu-bionic kernel: [    0.191508] ACPI: PCI Root Bridge [PCI0] (domain 0000 [bus 00-ff])
Nov 13 17:13:16 ubuntu-bionic kernel: [    0.192005] acpi PNP0A03:00: _OSC: OS supports [ASPM ClockPM Segments MSI]
Nov 13 17:13:16 ubuntu-bionic kernel: [    0.196329] acpi PNP0A03:00: _OSC: not requesting OS control; OS requires [ExtendedConfig ASPM ClockPM MSI]
Nov 13 17:13:16 ubuntu-bionic kernel: [    0.197673] acpi PNP0A03:00: fail to add MMCONFIG information, can't access extended PCI configuration space under this bridge.
Nov 13 17:13:16 ubuntu-bionic kernel: [    0.200297] PCI host bridge to bus 0000:00
Nov 13 17:13:16 ubuntu-bionic kernel: [    0.200925] pci_bus 0000:00: root bus resource [io  0x0000-0x0cf7 window]
Nov 13 17:13:16 ubuntu-bionic kernel: [    0.201829] pci_bus 0000:00: root bus resource [io  0x0d00-0xffff window]
Nov 13 17:13:16 ubuntu-bionic kernel: [    0.202772] pci_bus 0000:00: root bus resource [mem 0x000a0000-0x000bffff window]
Nov 13 17:13:16 ubuntu-bionic kernel: [    0.204002] pci_bus 0000:00: root bus resource [mem 0x80000000-0xfdffffff window]
Nov 13 17:13:16 ubuntu-bionic kernel: [    0.205483] pci_bus 0000:00: root bus resource [bus 00-ff]
Nov 13 17:13:16 ubuntu-bionic kernel: [    0.206324] pci 0000:00:00.0: [8086:1237] type 00 class 0x060000
Nov 13 17:13:16 ubuntu-bionic kernel: [    0.208405] pci 0000:00:01.0: [8086:7000] type 00 class 0x060100
Nov 13 17:13:16 ubuntu-bionic kernel: [    0.208955] pci 0000:00:01.1: [8086:7111] type 00 class 0x01018a
Nov 13 17:13:16 ubuntu-bionic kernel: [    0.209249] pci 0000:00:01.1: reg 0x20: [io  0xd000-0xd00f]
Nov 13 17:13:16 ubuntu-bionic kernel: [    0.209365] pci 0000:00:01.1: legacy IDE quirk: reg 0x10: [io  0x01f0-0x01f7]
Nov 13 17:13:16 ubuntu-bionic kernel: [    0.210368] pci 0000:00:01.1: legacy IDE quirk: reg 0x14: [io  0x03f6]
Nov 13 17:13:16 ubuntu-bionic kernel: [    0.211228] pci 0000:00:01.1: legacy IDE quirk: reg 0x18: [io  0x0170-0x0177]
Nov 13 17:13:16 ubuntu-bionic kernel: [    0.212002] pci 0000:00:01.1: legacy IDE quirk: reg 0x1c: [io  0x0376]
Nov 13 17:13:16 ubuntu-bionic kernel: [    0.213067] pci 0000:00:02.0: [80ee:beef] type 00 class 0x030000
Nov 13 17:13:16 ubuntu-bionic kernel: [    0.214093] pci 0000:00:02.0: reg 0x10: [mem 0xe0000000-0xe0ffffff pref]
Nov 13 17:13:16 ubuntu-bionic kernel: [    0.218371] pci 0000:00:03.0: [8086:100e] type 00 class 0x020000
Nov 13 17:13:16 ubuntu-bionic kernel: [    0.218972] pci 0000:00:03.0: reg 0x10: [mem 0xf0000000-0xf001ffff]
Nov 13 17:13:16 ubuntu-bionic kernel: [    0.220077] pci 0000:00:03.0: reg 0x18: [io  0xd010-0xd017]
Nov 13 17:13:16 ubuntu-bionic kernel: [    0.222368] pci 0000:00:04.0: [80ee:cafe] type 00 class 0x088000
Nov 13 17:13:16 ubuntu-bionic kernel: [    0.223059] pci 0000:00:04.0: reg 0x10: [io  0xd020-0xd03f]
Nov 13 17:13:16 ubuntu-bionic kernel: [    0.223716] pci 0000:00:04.0: reg 0x14: [mem 0xf0400000-0xf07fffff]
Nov 13 17:13:16 ubuntu-bionic kernel: [    0.224080] pci 0000:00:04.0: reg 0x18: [mem 0xf0800000-0xf0803fff pref]
Nov 13 17:13:16 ubuntu-bionic kernel: [    0.226099] pci 0000:00:05.0: [8086:2415] type 00 class 0x040100
Nov 13 17:13:16 ubuntu-bionic kernel: [    0.226194] pci 0000:00:05.0: reg 0x10: [io  0xd100-0xd1ff]
Nov 13 17:13:16 ubuntu-bionic kernel: [    0.226242] pci 0000:00:05.0: reg 0x14: [io  0xd200-0xd23f]
Nov 13 17:13:16 ubuntu-bionic kernel: [    0.226675] pci 0000:00:07.0: [8086:7113] type 00 class 0x068000
Nov 13 17:13:16 ubuntu-bionic kernel: [    0.227081] pci 0000:00:07.0: quirk: [io  0x4000-0x403f] claimed by PIIX4 ACPI
Nov 13 17:13:16 ubuntu-bionic kernel: [    0.228014] pci 0000:00:07.0: quirk: [io  0x4100-0x410f] claimed by PIIX4 SMB
Nov 13 17:13:16 ubuntu-bionic kernel: [    0.229205] pci 0000:00:08.0: [8086:100e] type 00 class 0x020000
Nov 13 17:13:16 ubuntu-bionic kernel: [    0.229750] pci 0000:00:08.0: reg 0x10: [mem 0xf0820000-0xf083ffff]
Nov 13 17:13:16 ubuntu-bionic kernel: [    0.230687] pci 0000:00:08.0: reg 0x18: [io  0xd240-0xd247]
Nov 13 17:13:16 ubuntu-bionic kernel: [    0.233503] pci 0000:00:14.0: [1000:0030] type 00 class 0x010000
Nov 13 17:13:16 ubuntu-bionic kernel: [    0.234032] pci 0000:00:14.0: reg 0x10: [io  0xd300-0xd3ff]
Nov 13 17:13:16 ubuntu-bionic kernel: [    0.234519] pci 0000:00:14.0: reg 0x14: [mem 0xf0840000-0xf085ffff]
Nov 13 17:13:16 ubuntu-bionic kernel: [    0.234995] pci 0000:00:14.0: reg 0x18: [mem 0xf0860000-0xf087ffff]
Nov 13 17:13:16 ubuntu-bionic kernel: [    0.238447] ACPI: PCI Interrupt Link [LNKA] (IRQs 5 9 10 *11)
Nov 13 17:13:16 ubuntu-bionic kernel: [    0.239710] ACPI: PCI Interrupt Link [LNKB] (IRQs 5 9 *10 11)
Nov 13 17:13:16 ubuntu-bionic kernel: [    0.240093] ACPI: PCI Interrupt Link [LNKC] (IRQs 5 *9 10 11)
Nov 13 17:13:16 ubuntu-bionic kernel: [    0.240955] ACPI: PCI Interrupt Link [LNKD] (IRQs 5 9 10 *11)
Nov 13 17:13:16 ubuntu-bionic kernel: [    0.242059] SCSI subsystem initialized
Nov 13 17:13:16 ubuntu-bionic kernel: [    0.242640] libata version 3.00 loaded.
Nov 13 17:13:16 ubuntu-bionic kernel: [    0.242640] pci 0000:00:02.0: vgaarb: setting as boot VGA device
Nov 13 17:13:16 ubuntu-bionic kernel: [    0.242828] pci 0000:00:02.0: vgaarb: VGA device added: decodes=io+mem,owns=io+mem,locks=none
Nov 13 17:13:16 ubuntu-bionic kernel: [    0.244010] pci 0000:00:02.0: vgaarb: bridge control possible
Nov 13 17:13:16 ubuntu-bionic kernel: [    0.244777] vgaarb: loaded
Nov 13 17:13:16 ubuntu-bionic kernel: [    0.248025] ACPI: bus type USB registered
Nov 13 17:13:16 ubuntu-bionic kernel: [    0.248613] usbcore: registered new interface driver usbfs
Nov 13 17:13:16 ubuntu-bionic kernel: [    0.249447] usbcore: registered new interface driver hub
Nov 13 17:13:16 ubuntu-bionic kernel: [    0.250190] usbcore: registered new device driver usb
Nov 13 17:13:16 ubuntu-bionic kernel: [    0.250937] EDAC MC: Ver: 3.0.0
Nov 13 17:13:16 ubuntu-bionic kernel: [    0.252182] PCI: Using ACPI for IRQ routing
Nov 13 17:13:16 ubuntu-bionic kernel: [    0.252610] PCI: pci_cache_line_size set to 64 bytes
Nov 13 17:13:16 ubuntu-bionic kernel: [    0.252748] e820: reserve RAM buffer [mem 0x0009fc00-0x0009ffff]
Nov 13 17:13:16 ubuntu-bionic kernel: [    0.252752] e820: reserve RAM buffer [mem 0x7fff0000-0x7fffffff]
Nov 13 17:13:16 ubuntu-bionic kernel: [    0.252824] NetLabel: Initializing
Nov 13 17:13:16 ubuntu-bionic kernel: [    0.253315] NetLabel:  domain hash size = 128
Nov 13 17:13:16 ubuntu-bionic kernel: [    0.253931] NetLabel:  protocols = UNLABELED CIPSOv4 CALIPSO
Nov 13 17:13:16 ubuntu-bionic kernel: [    0.254723] NetLabel:  unlabeled traffic allowed by default
Nov 13 17:13:16 ubuntu-bionic kernel: [    0.256068] clocksource: Switched to clocksource kvm-clock
Nov 13 17:13:16 ubuntu-bionic kernel: [    0.270663] VFS: Disk quotas dquot_6.6.0
Nov 13 17:13:16 ubuntu-bionic kernel: [    0.271279] VFS: Dquot-cache hash table entries: 512 (order 0, 4096 bytes)
Nov 13 17:13:16 ubuntu-bionic kernel: [    0.272295] AppArmor: AppArmor Filesystem Enabled
Nov 13 17:13:16 ubuntu-bionic kernel: [    0.272978] pnp: PnP ACPI init
Nov 13 17:13:16 ubuntu-bionic kernel: [    0.273482] pnp 00:00: Plug and Play ACPI device, IDs PNP0303 (active)
Nov 13 17:13:16 ubuntu-bionic kernel: [    0.273530] pnp 00:01: Plug and Play ACPI device, IDs PNP0f03 (active)
Nov 13 17:13:16 ubuntu-bionic kernel: [    0.273750] pnp 00:02: Plug and Play ACPI device, IDs PNP0501 (active)
Nov 13 17:13:16 ubuntu-bionic kernel: [    0.274213] pnp: PnP ACPI: found 3 devices
Nov 13 17:13:16 ubuntu-bionic kernel: [    0.284928] clocksource: acpi_pm: mask: 0xffffff max_cycles: 0xffffff, max_idle_ns: 2085701024 ns
Nov 13 17:13:16 ubuntu-bionic kernel: [    0.286211] pci_bus 0000:00: resource 4 [io  0x0000-0x0cf7 window]
Nov 13 17:13:16 ubuntu-bionic kernel: [    0.286212] pci_bus 0000:00: resource 5 [io  0x0d00-0xffff window]
Nov 13 17:13:16 ubuntu-bionic kernel: [    0.286213] pci_bus 0000:00: resource 6 [mem 0x000a0000-0x000bffff window]
Nov 13 17:13:16 ubuntu-bionic kernel: [    0.286214] pci_bus 0000:00: resource 7 [mem 0x80000000-0xfdffffff window]
Nov 13 17:13:16 ubuntu-bionic kernel: [    0.286254] NET: Registered protocol family 2
Nov 13 17:13:16 ubuntu-bionic kernel: [    0.286912] IP idents hash table entries: 32768 (order: 6, 262144 bytes)
Nov 13 17:13:16 ubuntu-bionic kernel: [    0.288038] TCP established hash table entries: 16384 (order: 5, 131072 bytes)
Nov 13 17:13:16 ubuntu-bionic kernel: [    0.289050] TCP bind hash table entries: 16384 (order: 6, 262144 bytes)
Nov 13 17:13:16 ubuntu-bionic kernel: [    0.290020] TCP: Hash tables configured (established 16384 bind 16384)
Nov 13 17:13:16 ubuntu-bionic kernel: [    0.290911] UDP hash table entries: 1024 (order: 3, 32768 bytes)
Nov 13 17:13:16 ubuntu-bionic kernel: [    0.292265] UDP-Lite hash table entries: 1024 (order: 3, 32768 bytes)
Nov 13 17:13:16 ubuntu-bionic kernel: [    0.293148] NET: Registered protocol family 1
Nov 13 17:13:16 ubuntu-bionic kernel: [    0.293783] pci 0000:00:00.0: Limiting direct PCI/PCI transfers
Nov 13 17:13:16 ubuntu-bionic kernel: [    0.294613] pci 0000:00:01.0: Activating ISA DMA hang workarounds
Nov 13 17:13:16 ubuntu-bionic kernel: [    0.295464] pci 0000:00:02.0: Video device with shadowed ROM at [mem 0x000c0000-0x000dffff]
Nov 13 17:13:16 ubuntu-bionic kernel: [    0.296653] PCI: CLS 0 bytes, default 64
Nov 13 17:13:16 ubuntu-bionic kernel: [    0.296678] Unpacking initramfs...
Nov 13 17:13:16 ubuntu-bionic kernel: [    0.572205] Freeing initrd memory: 19528K
Nov 13 17:13:16 ubuntu-bionic kernel: [    0.572862] clocksource: tsc: mask: 0xffffffffffffffff max_cycles: 0x23fa79125d1, max_idle_ns: 440795329579 ns
Nov 13 17:13:16 ubuntu-bionic kernel: [    0.574258] platform rtc_cmos: registered platform RTC device (no PNP device found)
Nov 13 17:13:16 ubuntu-bionic kernel: [    0.575346] Scanning for low memory corruption every 60 seconds
Nov 13 17:13:16 ubuntu-bionic kernel: [    0.576716] Initialise system trusted keyrings
Nov 13 17:13:16 ubuntu-bionic kernel: [    0.577335] Key type blacklist registered
Nov 13 17:13:16 ubuntu-bionic kernel: [    0.578019] workingset: timestamp_bits=36 max_order=19 bucket_order=0
Nov 13 17:13:16 ubuntu-bionic kernel: [    0.579517] zbud: loaded
Nov 13 17:13:16 ubuntu-bionic kernel: [    0.580421] squashfs: version 4.0 (2009/01/31) Phillip Lougher
Nov 13 17:13:16 ubuntu-bionic kernel: [    0.581427] fuse init (API version 7.26)
Nov 13 17:13:16 ubuntu-bionic kernel: [    0.584301] Key type asymmetric registered
Nov 13 17:13:16 ubuntu-bionic kernel: [    0.584870] Asymmetric key parser 'x509' registered
Nov 13 17:13:16 ubuntu-bionic kernel: [    0.585559] Block layer SCSI generic (bsg) driver version 0.4 loaded (major 246)
Nov 13 17:13:16 ubuntu-bionic kernel: [    0.586692] io scheduler noop registered
Nov 13 17:13:16 ubuntu-bionic kernel: [    0.587241] io scheduler deadline registered
Nov 13 17:13:16 ubuntu-bionic kernel: [    0.587857] io scheduler cfq registered (default)
Nov 13 17:13:16 ubuntu-bionic kernel: [    0.588806] intel_idle: does not run on family 6 model 165
Nov 13 17:13:16 ubuntu-bionic kernel: [    0.588889] ACPI: AC Adapter [AC] (on-line)
Nov 13 17:13:16 ubuntu-bionic kernel: [    0.589505] input: Power Button as /devices/LNXSYSTM:00/LNXPWRBN:00/input/input0
Nov 13 17:13:16 ubuntu-bionic kernel: [    0.590632] ACPI: Power Button [PWRF]
Nov 13 17:13:16 ubuntu-bionic kernel: [    0.591207] input: Sleep Button as /devices/LNXSYSTM:00/LNXSLPBN:00/input/input1
Nov 13 17:13:16 ubuntu-bionic kernel: [    0.592354] ACPI: Sleep Button [SLPF]
Nov 13 17:13:16 ubuntu-bionic kernel: [    0.593627] ACPI: Battery Slot [BAT0] (battery present)
Nov 13 17:13:16 ubuntu-bionic kernel: [    0.594509] Serial: 8250/16550 driver, 32 ports, IRQ sharing enabled
Nov 13 17:13:16 ubuntu-bionic kernel: [    0.615911] 00:02: ttyS0 at I/O 0x3f8 (irq = 4, base_baud = 115200) is a 16550A
Nov 13 17:13:16 ubuntu-bionic kernel: [    0.619865] Linux agpgart interface v0.103
Nov 13 17:13:16 ubuntu-bionic kernel: [    0.623035] loop: module loaded
Nov 13 17:13:16 ubuntu-bionic kernel: [    0.623570] ata_piix 0000:00:01.1: version 2.13
Nov 13 17:13:16 ubuntu-bionic kernel: [    0.623915] scsi host0: ata_piix
Nov 13 17:13:16 ubuntu-bionic kernel: [    0.624572] scsi host1: ata_piix
Nov 13 17:13:16 ubuntu-bionic kernel: [    0.625071] ata1: PATA max UDMA/33 cmd 0x1f0 ctl 0x3f6 bmdma 0xd000 irq 14
Nov 13 17:13:16 ubuntu-bionic kernel: [    0.625975] ata2: PATA max UDMA/33 cmd 0x170 ctl 0x376 bmdma 0xd008 irq 15
Nov 13 17:13:16 ubuntu-bionic kernel: [    0.626984] tun: Universal TUN/TAP device driver, 1.6
Nov 13 17:13:16 ubuntu-bionic kernel: [    0.627738] PPP generic driver version 2.4.2
Nov 13 17:13:16 ubuntu-bionic kernel: [    0.628419] ehci_hcd: USB 2.0 'Enhanced' Host Controller (EHCI) Driver
Nov 13 17:13:16 ubuntu-bionic kernel: [    0.629292] ehci-pci: EHCI PCI platform driver
Nov 13 17:13:16 ubuntu-bionic kernel: [    0.629915] ehci-platform: EHCI generic platform driver
Nov 13 17:13:16 ubuntu-bionic kernel: [    0.630638] ohci_hcd: USB 1.1 'Open' Host Controller (OHCI) Driver
Nov 13 17:13:16 ubuntu-bionic kernel: [    0.631460] ohci-pci: OHCI PCI platform driver
Nov 13 17:13:16 ubuntu-bionic kernel: [    0.632115] ohci-platform: OHCI generic platform driver
Nov 13 17:13:16 ubuntu-bionic kernel: [    0.632857] uhci_hcd: USB Universal Host Controller Interface driver
Nov 13 17:13:16 ubuntu-bionic kernel: [    0.633766] i8042: PNP: PS/2 Controller [PNP0303:PS2K,PNP0f03:PS2M] at 0x60,0x64 irq 1,12
Nov 13 17:13:16 ubuntu-bionic kernel: [    0.635241] serio: i8042 KBD port at 0x60,0x64 irq 1
Nov 13 17:13:16 ubuntu-bionic kernel: [    0.635941] serio: i8042 AUX port at 0x60,0x64 irq 12
Nov 13 17:13:16 ubuntu-bionic kernel: [    0.636876] mousedev: PS/2 mouse device common for all mice
Nov 13 17:13:16 ubuntu-bionic kernel: [    0.638076] rtc_cmos rtc_cmos: rtc core: registered rtc_cmos as rtc0
Nov 13 17:13:16 ubuntu-bionic kernel: [    0.638978] rtc_cmos rtc_cmos: alarms up to one day, 114 bytes nvram
Nov 13 17:13:16 ubuntu-bionic kernel: [    0.639829] i2c /dev entries driver
Nov 13 17:13:16 ubuntu-bionic kernel: [    0.640388] device-mapper: uevent: version 1.0.3
Nov 13 17:13:16 ubuntu-bionic kernel: [    0.641165] device-mapper: ioctl: 4.37.0-ioctl (2017-09-20) initialised: dm-devel@redhat.com
Nov 13 17:13:16 ubuntu-bionic kernel: [    0.642488] input: AT Translated Set 2 keyboard as /devices/platform/i8042/serio0/input/input2
Nov 13 17:13:16 ubuntu-bionic kernel: [    0.643828] ledtrig-cpu: registered to indicate activity on CPUs
Nov 13 17:13:16 ubuntu-bionic kernel: [    0.645011] NET: Registered protocol family 10
Nov 13 17:13:16 ubuntu-bionic kernel: [    0.648010] Segment Routing with IPv6
Nov 13 17:13:16 ubuntu-bionic kernel: [    0.648572] NET: Registered protocol family 17
Nov 13 17:13:16 ubuntu-bionic kernel: [    0.649798] Key type dns_resolver registered
Nov 13 17:13:16 ubuntu-bionic kernel: [    0.651055] mce: Using 0 MCE banks
Nov 13 17:13:16 ubuntu-bionic kernel: [    0.651549] RAS: Correctable Errors collector initialized.
Nov 13 17:13:16 ubuntu-bionic kernel: [    0.652385] sched_clock: Marking stable (652369691, 0)->(793671231, -141301540)
Nov 13 17:13:16 ubuntu-bionic kernel: [    0.653841] registered taskstats version 1
Nov 13 17:13:16 ubuntu-bionic kernel: [    0.654430] Loading compiled-in X.509 certificates
Nov 13 17:13:16 ubuntu-bionic kernel: [    0.656727] Loaded X.509 cert 'Build time autogenerated kernel key: 6303a3b02fa1c7713b8a75ba7ba622fabd5dd271'
Nov 13 17:13:16 ubuntu-bionic kernel: [    0.658585] Loaded X.509 cert 'Canonical Ltd. Live Patch Signing: 14df34d1a87cf37625abec039ef2bf521249b969'
Nov 13 17:13:16 ubuntu-bionic kernel: [    0.660249] Loaded X.509 cert 'Canonical Ltd. Kernel Module Signing: 88f752e560a1e0737e31163a466ad7b70a850c19'
Nov 13 17:13:16 ubuntu-bionic kernel: [    0.661654] blacklist: Loading compiled-in revocation X.509 certificates
Nov 13 17:13:16 ubuntu-bionic kernel: [    0.662573] Loaded X.509 cert 'Canonical Ltd. Secure Boot Signing: 61482aa2830d0ab2ad5af10b7250da9033ddcef0'
Nov 13 17:13:16 ubuntu-bionic kernel: [    0.663891] zswap: loaded using pool lzo/zbud
Nov 13 17:13:16 ubuntu-bionic kernel: [    0.666833] Key type big_key registered
Nov 13 17:13:16 ubuntu-bionic kernel: [    0.667431] Key type trusted registered
Nov 13 17:13:16 ubuntu-bionic kernel: [    0.669064] Key type encrypted registered
Nov 13 17:13:16 ubuntu-bionic kernel: [    0.669638] AppArmor: AppArmor sha1 policy hashing enabled
Nov 13 17:13:16 ubuntu-bionic kernel: [    0.670409] ima: No TPM chip found, activating TPM-bypass! (rc=-19)
Nov 13 17:13:16 ubuntu-bionic kernel: [    0.671251] ima: Allocated hash algorithm: sha1
Nov 13 17:13:16 ubuntu-bionic kernel: [    0.672000] evm: HMAC attrs: 0x1
Nov 13 17:13:16 ubuntu-bionic kernel: [    0.672770]   Magic number: 14:977:238
Nov 13 17:13:16 ubuntu-bionic kernel: [    0.673464] rtc_cmos rtc_cmos: setting system clock to 2022-11-13 17:13:04 UTC (1668359584)
Nov 13 17:13:16 ubuntu-bionic kernel: [    0.674689] BIOS EDD facility v0.16 2004-Jun-25, 0 devices found
Nov 13 17:13:16 ubuntu-bionic kernel: [    0.675510] EDD information not available.
Nov 13 17:13:16 ubuntu-bionic kernel: [    0.810601] Freeing unused kernel image memory: 2472K
Nov 13 17:13:16 ubuntu-bionic kernel: [    1.133329] Write protecting the kernel read-only data: 20480k
Nov 13 17:13:16 ubuntu-bionic kernel: [    1.135039] Freeing unused kernel image memory: 2008K
Nov 13 17:13:16 ubuntu-bionic kernel: [    1.136063] Freeing unused kernel image memory: 1824K
Nov 13 17:13:16 ubuntu-bionic kernel: [    1.142848] x86/mm: Checked W+X mappings: passed, no W+X pages found.
Nov 13 17:13:16 ubuntu-bionic kernel: [    1.177245] e1000: Intel(R) PRO/1000 Network Driver - version 7.3.21-k8-NAPI
Nov 13 17:13:16 ubuntu-bionic kernel: [    1.178470] e1000: Copyright (c) 1999-2006 Intel Corporation.
Nov 13 17:13:16 ubuntu-bionic kernel: [    1.181577] Fusion MPT base driver 3.04.20
Nov 13 17:13:16 ubuntu-bionic kernel: [    1.182220] Copyright (c) 1999-2008 LSI Corporation
Nov 13 17:13:16 ubuntu-bionic kernel: [    1.187141] AVX2 version of gcm_enc/dec engaged.
Nov 13 17:13:16 ubuntu-bionic kernel: [    1.188148] AES CTR mode by8 optimization enabled
Nov 13 17:13:16 ubuntu-bionic kernel: [    1.189004] Fusion MPT SPI Host driver 3.04.20
Nov 13 17:13:16 ubuntu-bionic kernel: [    1.403033] input: ImExPS/2 Generic Explorer Mouse as /devices/platform/i8042/serio1/input/input4
Nov 13 17:13:16 ubuntu-bionic kernel: [    1.673563] e1000 0000:00:03.0 eth0: (PCI:33MHz:32-bit) 02:d4:40:b8:a4:a0
Nov 13 17:13:16 ubuntu-bionic kernel: [    1.674478] e1000 0000:00:03.0 eth0: Intel(R) PRO/1000 Network Connection
Nov 13 17:13:16 ubuntu-bionic kernel: [    2.086758] e1000 0000:00:08.0 eth1: (PCI:33MHz:32-bit) 08:00:27:55:b3:4d
Nov 13 17:13:16 ubuntu-bionic kernel: [    2.087722] e1000 0000:00:08.0 eth1: Intel(R) PRO/1000 Network Connection
Nov 13 17:13:16 ubuntu-bionic kernel: [    2.089402] e1000 0000:00:08.0 enp0s8: renamed from eth1
Nov 13 17:13:16 ubuntu-bionic kernel: [    2.089445] mptbase: ioc0: Initiating bringup
Nov 13 17:13:16 ubuntu-bionic kernel: [    2.112427] e1000 0000:00:03.0 enp0s3: renamed from eth0
Nov 13 17:13:16 ubuntu-bionic kernel: [    2.188210] ioc0: LSI53C1030 A0: Capabilities={Initiator}
Nov 13 17:13:16 ubuntu-bionic kernel: [    2.430151] scsi host2: ioc0: LSI53C1030 A0, FwRev=00000000h, Ports=1, MaxQ=256, IRQ=20
Nov 13 17:13:16 ubuntu-bionic kernel: [    2.597262] scsi 2:0:0:0: Direct-Access     VBOX     HARDDISK         1.0  PQ: 0 ANSI: 5
Nov 13 17:13:16 ubuntu-bionic kernel: [    3.391906] scsi target2:0:0: Beginning Domain Validation
Nov 13 17:13:16 ubuntu-bionic kernel: [    3.393397] scsi target2:0:0: Domain Validation skipping write tests
Nov 13 17:13:16 ubuntu-bionic kernel: [    3.394247] scsi target2:0:0: Ending Domain Validation
Nov 13 17:13:16 ubuntu-bionic kernel: [    3.395027] scsi target2:0:0: asynchronous
Nov 13 17:13:16 ubuntu-bionic kernel: [    3.395851] scsi 2:0:1:0: Direct-Access     VBOX     HARDDISK         1.0  PQ: 0 ANSI: 5
Nov 13 17:13:16 ubuntu-bionic kernel: [    3.574798] scsi target2:0:1: Beginning Domain Validation
Nov 13 17:13:16 ubuntu-bionic kernel: [    3.576192] scsi target2:0:1: Domain Validation skipping write tests
Nov 13 17:13:16 ubuntu-bionic kernel: [    3.577046] scsi target2:0:1: Ending Domain Validation
